ARM Linker, 5.03 [Build 76] [MDK-ARM Lite]

==============================================================================

Section Cross References

    startup.o(STACK) refers (Special) to heapauxi.o(.text) for __use_two_region_memory
    startup.o(HEAP) refers (Special) to heapauxi.o(.text) for __use_two_region_memory
    startup.o(RESET) refers (Special) to heapauxi.o(.text) for __use_two_region_memory
    startup.o(RESET) refers to startup.o(STACK) for Stack_Top
    startup.o(RESET) refers to __main.o(!!!main) for __main
    startup.o(.text) refers (Special) to heapauxi.o(.text) for __use_two_region_memory
    startup.o(.text) refers to startup.o(HEAP) for Heap_Mem
    startup.o(.text) refers to startup.o(STACK) for Stack_Mem
    keyboard.o(.ARM.exidx) refers to keyboard.o(.text) for .text
    main.o(.text) refers to keyboard.o(.text) for Keyboard::eRead()
    main.o(.text) refers to new.o(i._Znwj) for operator new(unsigned)
    main.o(.text) refers to led.o(.text) for Led::Led()
    main.o(.text) refers to stepper.o(.text) for Stepper::SetLed(Led*)
    main.o(.text) refers to main.o(.data) for MyKeyboard
    main.o(.text) refers to ledinv.o(.constdata__ZTV6LedInv) for vtable for LedInv
    main.o(.ARM.exidx) refers to main.o(.text) for .text
    main.o(.init_array) refers to main.o(.text) for __sti___8_main_cpp
    main.o(.init_array) refers to init_aeabi.o(.text) for __cpp_initialize__aeabi_
    led.o(.text) refers to led.o(.constdata__ZTV3Led) for vtable for Led
    led.o(.ARM.exidx) refers to led.o(.text) for .text
    stepper.o(.ARM.exidx) refers to stepper.o(.text) for .text
    ledinv.o(.ARM.exidx) refers to ledinv.o(.text) for .text
    __main.o(!!!main) refers to rtentry.o(.ARM.Collect$$rtentry$$00000000) for __rt_entry
    init_aeabi.o(.emb_text) refers (Special) to libinit2.o(.ARM.Collect$$libinit$$0000002F) for __rt_lib_init_cpp_2
    init_aeabi.o(.init_array) refers (Special) to libinit2.o(.ARM.Collect$$libinit$$0000002F) for __rt_lib_init_cpp_2
    init_aeabi.o(.dummy_text) refers (Special) to libinit2.o(.ARM.Collect$$libinit$$0000002F) for __rt_lib_init_cpp_2
    init_aeabi.o(.text) refers (Special) to libinit2.o(.ARM.Collect$$libinit$$0000002F) for __rt_lib_init_cpp_2
    init_aeabi.o(.text) refers to init_aeabi.o(i.__ARM_common_call_via_r0) for __ARM_common_call_via_r0
    init_aeabi.o(.ARM.exidx) refers (Special) to libinit2.o(.ARM.Collect$$libinit$$0000002F) for __rt_lib_init_cpp_2
    init_aeabi.o(.ARM.exidx) refers to init_aeabi.o(.text) for .text
    new.o(i._Znwj) refers to rt_new_handler_addr_intlibspace.o(.text) for __rt_new_handler_addr
    new.o(i._Znwj) refers to init_aeabi.o(i.__ARM_common_call_via_r0) for __ARM_common_call_via_r0
    new.o(i._Znwj) refers to h1_alloc.o(.text) for malloc
    new.o(i._Znwj) refers to arm_newhandler_noexceptions.o(.text) for __default_new_handler()
    new.o(.ARM.exidx) refers to new.o(i._Znwj) for i._Znwj
    new.o(.ARM.exidx) refers to unwind_pr0.o(.text) for __aeabi_unwind_cpp_pr0
    new.o(.ARM.exidx) refers to new.o(.ARM.extab) for .extab._Znwj
    new.o(.ARM.extab) refers to arm_callunex_noexceptions.o(.text) for __cxa_call_unexpected
    new.o(.ARM.extab) refers to bad_alloc_dtor.o(.constdata__ZTISt9bad_alloc) for typeinfo for std::bad_alloc
    lib_rtti_impl.o(i._ZN10__cxxabiv116__enum_type_infoD0Ev) refers to lib_rtti_impl.o(i._ZN10__cxxabiv116__enum_type_infoD1Ev) for __cxxabiv1::__enum_type_info::~__enum_type_info()
    lib_rtti_impl.o(i._ZN10__cxxabiv117__array_type_infoD0Ev) refers to lib_rtti_impl.o(i._ZN10__cxxabiv117__array_type_infoD1Ev) for __cxxabiv1::__array_type_info::~__array_type_info()
    lib_rtti_impl.o(i._ZN10__cxxabiv117__class_type_infoD0Ev) refers to lib_rtti_impl.o(i._ZN10__cxxabiv117__class_type_infoD1Ev) for __cxxabiv1::__class_type_info::~__class_type_info()
    lib_rtti_impl.o(i._ZN10__cxxabiv117__pbase_type_infoD0Ev) refers to lib_rtti_impl.o(i._ZN10__cxxabiv117__pbase_type_infoD1Ev) for __cxxabiv1::__pbase_type_info::~__pbase_type_info()
    lib_rtti_impl.o(i._ZN10__cxxabiv119__pointer_type_infoD0Ev) refers to lib_rtti_impl.o(i._ZN10__cxxabiv119__pointer_type_infoD1Ev) for __cxxabiv1::__pointer_type_info::~__pointer_type_info()
    lib_rtti_impl.o(i._ZN10__cxxabiv119__pointer_type_infoD1Ev) refers to lib_rtti_impl.o(i._ZN10__cxxabiv117__pbase_type_infoD1Ev) for __cxxabiv1::__pbase_type_info::~__pbase_type_info()
    lib_rtti_impl.o(i._ZN10__cxxabiv120__function_type_infoD0Ev) refers to lib_rtti_impl.o(i._ZN10__cxxabiv120__function_type_infoD1Ev) for __cxxabiv1::__function_type_info::~__function_type_info()
    lib_rtti_impl.o(i._ZN10__cxxabiv120__si_class_type_infoD0Ev) refers to lib_rtti_impl.o(i._ZN10__cxxabiv120__si_class_type_infoD1Ev) for __cxxabiv1::__si_class_type_info::~__si_class_type_info()
    lib_rtti_impl.o(i._ZN10__cxxabiv120__si_class_type_infoD1Ev) refers to lib_rtti_impl.o(i._ZN10__cxxabiv117__class_type_infoD1Ev) for __cxxabiv1::__class_type_info::~__class_type_info()
[...]
    heap2mt.o(i.___Heap_Valid$realtime$concurrent) refers to heap2.o(i.__ARM_common_call_via_r5) for __ARM_common_call_via_r5
    heap2mt.o(i.___Heap_Valid$realtime$concurrent) refers to heap2mt.o(i._FDIterate) for _FDIterate
    heap2mt.o(i.___Heap_Valid$realtime$concurrent) refers to heap2mt.o(.constdata) for .constdata
    heap2mt.o(i._free$realtime$concurrent) refers to rt_heap_descriptor_intlibspace.o(.text) for __rt_heap_descriptor
    heap2mt.o(i._free$realtime$concurrent) refers to fdtree.o(i._FDTree_Delete) for _FDTree_Delete
    heap2mt.o(i._free$realtime$concurrent) refers to fdtree.o(i._FDTree_Insert) for _FDTree_Insert
    heap2mt.o(i._malloc$realtime$concurrent) refers to rt_heap_descriptor_intlibspace.o(.text) for __rt_heap_descriptor
    heap2mt.o(i._malloc$realtime$concurrent) refers to fdtree.o(i._FDTree_FindFirst) for _FDTree_FindFirst
    heap2mt.o(i._malloc$realtime$concurrent) refers to init_alloc.o(.text) for __Heap_Full
    heap2mt.o(i._malloc$realtime$concurrent) refers to fdtree.o(i._FDTree_RemoveNode) for _FDTree_RemoveNode
    heap2mt.o(i._malloc$realtime$concurrent) refers to fdtree.o(i._FDTree_Insert) for _FDTree_Insert
    heap2mt.o(i._posix_memalign$realtime$concurrent) refers to rt_heap_descriptor_intlibspace.o(.text) for __rt_heap_descriptor
    heap2mt.o(i._posix_memalign$realtime$concurrent) refers to fdtree.o(i._FDTree_FindFirst) for _FDTree_FindFirst
    heap2mt.o(i._posix_memalign$realtime$concurrent) refers to init_alloc.o(.text) for __Heap_Full
    heap2mt.o(i._posix_memalign$realtime$concurrent) refers to fdtree.o(i._FDTree_RemoveNode) for _FDTree_RemoveNode
    heap2mt.o(i._posix_memalign$realtime$concurrent) refers to fdtree.o(i._FDTree_Insert) for _FDTree_Insert
    heap2mt.o(i._realloc$realtime$concurrent) refers to rt_heap_descriptor_intlibspace.o(.text) for __rt_heap_descriptor
    heap2mt.o(i._realloc$realtime$concurrent) refers to h1_free.o(.text) for free
    heap2mt.o(i._realloc$realtime$concurrent) refers to h1_alloc.o(.text) for malloc
    heap2mt.o(i._realloc$realtime$concurrent) refers to fdtree.o(i._FDTree_Delete) for _FDTree_Delete
    heap2mt.o(i._realloc$realtime$concurrent) refers to fdtree.o(i._FDTree_Insert) for _FDTree_Insert
    heap2mt.o(i._realloc$realtime$concurrent) refers to rt_memcpy_w.o(.text) for __aeabi_memcpy4
    libinit2.o(.ARM.Collect$$libinit$$00000001) refers to fpinit.o(x$fpl$fpinit) for _fp_init
    libinit2.o(.ARM.Collect$$libinit$$00000003) refers (Weak) to init_alloc.o(.text) for _init_alloc
    libinit2.o(.ARM.Collect$$libinit$$0000000E) refers to libinit2.o(.ARM.Collect$$libinit$$0000000D) for .ARM.Collect$$libinit$$0000000D
    libinit2.o(.ARM.Collect$$libinit$$00000010) refers to libinit2.o(.ARM.Collect$$libinit$$0000000D) for .ARM.Collect$$libinit$$0000000D
    libinit2.o(.ARM.Collect$$libinit$$00000012) refers to libinit2.o(.ARM.Collect$$libinit$$0000000D) for .ARM.Collect$$libinit$$0000000D
    libinit2.o(.ARM.Collect$$libinit$$00000014) refers to libinit2.o(.ARM.Collect$$libinit$$0000000D) for .ARM.Collect$$libinit$$0000000D
    libinit2.o(.ARM.Collect$$libinit$$00000016) refers to libinit2.o(.ARM.Collect$$libinit$$0000000D) for .ARM.Collect$$libinit$$0000000D
    libinit2.o(.ARM.Collect$$libinit$$00000024) refers to argv_veneer.o(.emb_text) for __ARM_argv_veneer
    libinit2.o(.ARM.Collect$$libinit$$00000025) refers to argv_veneer.o(.emb_text) for __ARM_argv_veneer
    libinit2.o(.ARM.Collect$$libinit$$0000002F) refers (Weak) to init_aeabi.o(.text) for __cpp_initialize__aeabi_
    unwind_pr0.o(.text) refers to unwind_prcommon.o(.text) for __ARM_unwind_cpp_prcommon
    arm_callunex_noexceptions.o(.ARM.exidx) refers to arm_callunex_noexceptions.o(.text) for .text
    arm_newhandler_noexceptions.o(.text) refers to arm_exceptions_terminate.o(.text) for std::terminate()
    arm_newhandler_noexceptions.o(.ARM.exidx) refers to arm_newhandler_noexceptions.o(.text) for .text
    bad_alloc_dtor.o(i._ZNSt9bad_allocD0Ev) refers to bad_alloc_dtor.o(i._ZNSt9bad_allocD1Ev) for std::bad_alloc::~bad_alloc()
    bad_alloc_dtor.o(i._ZNSt9bad_allocD0Ev) refers to delete.o(i._ZdlPv) for operator delete (void*)
    bad_alloc_dtor.o(.ARM.exidx) refers to bad_alloc_dtor.o(i._ZNSt9bad_allocD1Ev) for i._ZNSt9bad_allocD1Ev
    bad_alloc_dtor.o(.ARM.exidx) refers to bad_alloc_dtor.o(i._ZNSt9bad_allocD0Ev) for i._ZNSt9bad_allocD0Ev
    type_info_dtor.o(.ARM.exidx) refers to type_info_dtor.o(i._ZNSt9type_infoD1Ev) for i._ZNSt9type_infoD1Ev
    type_info_dtor.o(.ARM.exidx) refers to type_info_dtor.o(i._ZNSt9type_infoD0Ev) for i._ZNSt9type_infoD0Ev
    libspace.o(.text) refers to libspace.o(.bss) for __libspace_start
    rtentry2.o(.ARM.Collect$$rtentry$$00000008) refers to boardinit2.o(.text) for _platform_post_stackheap_init
    rtentry2.o(.ARM.Collect$$rtentry$$0000000A) refers to libinit.o(.ARM.Collect$$libinit$$00000000) for __rt_lib_init
    rtentry2.o(.ARM.Collect$$rtentry$$0000000B) refers to boardinit3.o(.text) for _platform_post_lib_init
    rtentry2.o(.ARM.Collect$$rtentry$$0000000D) refers to exit.o(.text) for exit
    rtentry2.o(.ARM.Collect$$rtentry$$0000000D) refers to main.o(.text) for main
    rtentry2.o(.ARM.exidx) refers to rtentry2.o(.ARM.Collect$$rtentry$$00000001) for .ARM.Collect$$rtentry$$00000001
    rtentry2.o(.ARM.exidx) refers to rtentry2.o(.ARM.Collect$$rtentry$$00000008) for .ARM.Collect$$rtentry$$00000008
    rtentry2.o(.ARM.exidx) refers to rtentry2.o(.ARM.Collect$$rtentry$$0000000A) for .ARM.Collect$$rtentry$$0000000A
    rtentry2.o(.ARM.exidx) refers to rtentry2.o(.ARM.Collect$$rtentry$$0000000B) for .ARM.Collect$$rtentry$$0000000B
    rtentry2.o(.ARM.exidx) refers to rtentry2.o(.ARM.Collect$$rtentry$$0000000D) for .ARM.Collect$$rtentry$$0000000D
    rtentry4.o(.ARM.Collect$$rtentry$$00000004) refers to sys_stackheap_outer.o(.text) for __user_setup_stackheap
    rtentry4.o(.ARM.exidx) refers to rtentry4.o(.ARM.Collect$$rtentry$$00000004) for .ARM.Collect$$rtentry$$00000004
    rt_heap_descriptor.o(.text) refers to rt_heap_descriptor.o(.bss) for __rt_heap_descriptor_data
    rt_heap_descriptor_intlibspace.o(.text) refers to libspace.o(.bss) for __libspace_start
    init_alloc.o(.text) refers (Special) to hguard.o(.text) for __heap$guard
    init_alloc.o(.text) refers (Special) to libinit2.o(.ARM.Collect$$libinit$$00000003) for __rt_lib_init_heap_2
    init_alloc.o(.text) refers (Special) to maybetermalloc1.o(.emb_text) for _maybe_terminate_alloc
    init_alloc.o(.text) refers to h1_extend.o(.text) for __Heap_ProvideMemory
    init_alloc.o(.text) refers to defsig_rtmem_outer.o(.text) for __rt_SIGRTMEM
    init_alloc.o(.text) refers to rt_heap_descriptor_intlibspace.o(.text) for __rt_heap_descriptor
    init_alloc.o(.text) refers to h1_init.o(.text) for __Heap_Initialize
    free.o(.text) refers (Special) to hguard.o(.text) for __heap$guard
    free.o(.text) refers to rt_heap_descriptor_intlibspace.o(.text) for __rt_heap_descriptor
    h1_free.o(.text) refers to rt_heap_descriptor_intlibspace.o(.text) for __rt_heap_descriptor
    h1_init_mt.o(.text) refers to mutex_dummy.o(.text) for _mutex_initialize
    h1_free_mt.o(.text) refers to rt_heap_descriptor_intlibspace.o(.text) for __rt_heap_descriptor
    aeabi_sdiv.o(.text_udiv) refers to aeabi_sdiv.o(.text) for __arm_div2
    aeabi_sdiv_div0.o(.text_udiv) refers to aeabi_sdiv_div0.o(.text) for __arm_div2
    _get_argv.o(.text) refers (Special) to hrguard.o(.text) for __heap_region$guard
    _get_argv.o(.text) refers to h1_alloc.o(.text) for malloc
    _get_argv.o(.text) refers to defsig_rtmem_outer.o(.text) for __rt_SIGRTMEM
    _get_argv.o(.text) refers to sys_command.o(.text) for _sys_command_string
    argv_veneer.o(.emb_text) refers to no_argv.o(.text) for __ARM_get_argv
    unwind_prcommon.o(.text) refers to unwinder.o(.text) for _Unwind_VRS_Get
    unwind_prcommon.o(.text) refers to unwind_activity.o(.emb_text) for _Unwind_Activity
    unwind_prcommon.o(.text) refers (Weak) to arm_callunex_noexceptions.o(.text) for __cxa_call_unexpected
    unwind_prcommon.o(.text) refers (Weak) to arm_callunex_noexceptions.o(.text) for __cxa_call_unexpected
    delete.o(i._ZdlPv) refers to h1_free.o(.text) for free
    delete.o(.ARM.exidx) refers to delete.o(i._ZdlPv) for i._ZdlPv
    arm_exceptions_terminate.o(.text) refers to arm_exceptions_globs.o(.text) for __cxa_get_globals
    arm_exceptions_terminate.o(.text) refers to arm_exceptions_terminate.o(i.__ARM_common_call_via_r1) for __ARM_common_call_via_r1
    arm_exceptions_terminate.o(.text) refers to init_aeabi.o(i.__ARM_common_call_via_r0) for __ARM_common_call_via_r0
    arm_exceptions_terminate.o(.text) refers to abort.o(.text) for abort
    arm_exceptions_terminate.o(.ARM.exidx) refers to arm_exceptions_terminate.o(.text) for .text
    bad_alloc_what.o(.ARM.exidx) refers to bad_alloc_what.o(i._ZNKSt9bad_alloc4whatEv) for i._ZNKSt9bad_alloc4whatEv
    exception_dtor.o(i._ZNSt9exceptionD0Ev) refers to delete.o(i._ZdlPv) for operator delete (void*)
    exception_dtor.o(.ARM.exidx) refers to exception_dtor.o(i._ZNSt9exceptionD1Ev) for i._ZNSt9exceptionD1Ev
    exception_dtor.o(.ARM.exidx) refers to exception_dtor.o(i._ZNSt9exceptionD0Ev) for i._ZNSt9exceptionD0Ev
    sys_command.o(.text) refers (Special) to use_no_semi.o(.text) for __I$use$semihosting
    sys_command.o(.text) refers (Special) to indicate_semi.o(.text) for __semihosting_library_function
    sys_stackheap_outer.o(.text) refers to libspace.o(.text) for __user_perproc_libspace
    sys_stackheap_outer.o(.text) refers to startup.o(.text) for __user_initial_stackheap
    aeabi_idiv0_sigfpe.o(.text) refers to rt_div0.o(.text) for __rt_div0
    maybetermalloc2.o(.emb_text) refers (Special) to term_alloc.o(.text) for _terminate_alloc
    h1_extend.o(.text) refers to h1_free.o(.text) for free
    h1_extend_mt.o(.text) refers to h1_free_mt.o(.text) for _free_internal
    exit.o(.text) refers to rtexit.o(.ARM.Collect$$rtexit$$00000000) for __rt_exit
    abort.o(.text) refers to defsig_abrt_outer.o(.text) for __rt_SIGABRT
    abort.o(.text) refers (Weak) to libshutdown.o(.ARM.Collect$$libshutdown$$00000000) for __rt_lib_shutdown
    abort.o(.text) refers to sys_exit.o(.text) for _sys_exit
    defsig_rtmem_outer.o(.text) refers to defsig_rtmem_inner.o(.text) for __rt_SIGRTMEM_inner
    defsig_rtmem_outer.o(.text) refers to defsig_exit.o(.text) for __sig_exit
    defsig_rtmem_formal.o(.text) refers to rt_raise.o(.text) for __rt_raise
    heapauxa.o(.text) refers to heapauxa.o(.data) for .data
    _get_argv_nomalloc.o(.text) refers (Special) to hrguard.o(.text) for __heap_region$guard
    _get_argv_nomalloc.o(.text) refers to defsig_rtmem_outer.o(.text) for __rt_SIGRTMEM
    _get_argv_nomalloc.o(.text) refers to sys_command.o(.text) for _sys_command_string
    libinit.o(.ARM.Collect$$libinit$$00000000) refers (Special) to libinit2.o(.ARM.Collect$$libinit$$0000002C) for __rt_lib_init_alloca_1
    libinit.o(.ARM.Collect$$libinit$$00000000) refers (Special) to libinit2.o(.ARM.Collect$$libinit$$0000002A) for __rt_lib_init_argv_1
    libinit.o(.ARM.Collect$$libinit$$00000000) refers (Special) to libinit2.o(.ARM.Collect$$libinit$$00000019) for __rt_lib_init_atexit_1
    libinit.o(.ARM.Collect$$libinit$$00000000) refers (Special) to libinit2.o(.ARM.Collect$$libinit$$0000001F) for __rt_lib_init_clock_1
    libinit.o(.ARM.Collect$$libinit$$00000000) refers (Special) to libinit2.o(.ARM.Collect$$libinit$$00000030) for __rt_lib_init_cpp_1
    libinit.o(.ARM.Collect$$libinit$$00000000) refers (Special) to libinit2.o(.ARM.Collect$$libinit$$0000002E) for __rt_lib_init_exceptions_1
    libinit.o(.ARM.Collect$$libinit$$00000000) refers (Special) to libinit2.o(.ARM.Collect$$libinit$$00000002) for __rt_lib_init_fp_1
    libinit.o(.ARM.Collect$$libinit$$00000000) refers (Special) to libinit2.o(.ARM.Collect$$libinit$$0000001D) for __rt_lib_init_fp_trap_1
    libinit.o(.ARM.Collect$$libinit$$00000000) refers (Special) to libinit2.o(.ARM.Collect$$libinit$$00000021) for __rt_lib_init_getenv_1
    libinit.o(.ARM.Collect$$libinit$$00000000) refers (Special) to libinit2.o(.ARM.Collect$$libinit$$00000008) for __rt_lib_init_heap_1
    libinit.o(.ARM.Collect$$libinit$$00000000) refers (Special) to libinit2.o(.ARM.Collect$$libinit$$0000000F) for __rt_lib_init_lc_collate_1
    libinit.o(.ARM.Collect$$libinit$$00000000) refers (Special) to libinit2.o(.ARM.Collect$$libinit$$00000011) for __rt_lib_init_lc_ctype_1
    libinit.o(.ARM.Collect$$libinit$$00000000) refers (Special) to libinit2.o(.ARM.Collect$$libinit$$00000013) for __rt_lib_init_lc_monetary_1
    libinit.o(.ARM.Collect$$libinit$$00000000) refers (Special) to libinit2.o(.ARM.Collect$$libinit$$00000015) for __rt_lib_init_lc_numeric_1
    libinit.o(.ARM.Collect$$libinit$$00000000) refers (Special) to libinit2.o(.ARM.Collect$$libinit$$00000017) for __rt_lib_init_lc_time_1
    libinit.o(.ARM.Collect$$libinit$$00000000) refers (Special) to libinit2.o(.ARM.Collect$$libinit$$0000000C) for __rt_lib_init_rand_1
    libinit.o(.ARM.Collect$$libinit$$00000000) refers (Special) to libinit2.o(.ARM.Collect$$libinit$$00000031) for __rt_lib_init_return
    libinit.o(.ARM.Collect$$libinit$$00000000) refers (Special) to libinit2.o(.ARM.Collect$$libinit$$0000001B) for __rt_lib_init_signal_1
    libinit.o(.ARM.Collect$$libinit$$00000000) refers (Special) to libinit2.o(.ARM.Collect$$libinit$$00000023) for __rt_lib_init_stdio_1
    libinit.o(.ARM.Collect$$libinit$$00000000) refers (Special) to libinit2.o(.ARM.Collect$$libinit$$0000000A) for __rt_lib_init_user_alloc_1
    unwinder.o(.emb_text) refers to unwinder.o(.text) for __ARM_Unwind_RaiseException
    unwinder.o(.text) refers to unwinder.o(.emb_text) for __ARM_Unwind_VRS_VFPpreserve_low
    unwinder.o(.text) refers to bsearchnoex.o(.text) for bsearch
    unwinder.o(.text) refers to unwind_activity.o(.emb_text) for _Unwind_Activity
    unwinder.o(.text) refers to unwinder.o(i.__ARM_common_call_via_r3) for __ARM_common_call_via_r3
    unwinder.o(.text) refers to abort.o(.text) for abort
    unwinder.o(.text) refers to h1_alloc.o(.text) for malloc
    unwinder.o(.text) refers to rt_memcpy_w.o(.text) for __aeabi_memcpy4
    unwinder.o(.text) refers to h1_free.o(.text) for free
    unwinder.o(.text) refers (Weak) to unwind_pr0.o(.text) for __aeabi_unwind_cpp_pr0
    arm_exceptions_globs.o(.text) refers to abort.o(.text) for abort
    arm_exceptions_globs.o(.text) refers to rt_eh_globals_addr_intlibspace.o(.text) for __rt_eh_globals_addr
    arm_exceptions_globs.o(.text) refers to h1_alloc.o(.text) for malloc
    arm_exceptions_globs.o(.text) refers to arm_exceptions_mem.o(.text) for __ARM_exceptions_buffer_init
    arm_exceptions_globs.o(.ARM.exidx) refers to arm_exceptions_globs.o(.text) for .text
    exception_what.o(.ARM.exidx) refers to exception_what.o(i._ZNKSt9exception4whatEv) for i._ZNKSt9exception4whatEv
    sys_exit.o(.text) refers (Special) to use_no_semi.o(.text) for __I$use$semihosting
    sys_exit.o(.text) refers (Special) to indicate_semi.o(.text) for __semihosting_library_function
    rtexit.o(.ARM.Collect$$rtexit$$00000000) refers (Special) to rtexit2.o(.ARM.Collect$$rtexit$$00000004) for __rt_exit_exit
    rtexit.o(.ARM.Collect$$rtexit$$00000000) refers (Special) to rtexit2.o(.ARM.Collect$$rtexit$$00000003) for __rt_exit_ls
    rtexit.o(.ARM.Collect$$rtexit$$00000000) refers (Special) to rtexit2.o(.ARM.Collect$$rtexit$$00000002) for __rt_exit_prels_1
    rtexit.o(.ARM.exidx) refers (Special) to rtexit2.o(.ARM.Collect$$rtexit$$00000004) for __rt_exit_exit
    rtexit.o(.ARM.exidx) refers (Special) to rtexit2.o(.ARM.Collect$$rtexit$$00000003) for __rt_exit_ls
    rtexit.o(.ARM.exidx) refers (Special) to rtexit2.o(.ARM.Collect$$rtexit$$00000002) for __rt_exit_prels_1
    rtexit.o(.ARM.exidx) refers to rtexit.o(.ARM.Collect$$rtexit$$00000000) for .ARM.Collect$$rtexit$$00000000
    rt_div0.o(.text) refers to defsig_fpe_outer.o(.text) for __rt_SIGFPE
    rt_raise.o(.text) refers to __raise.o(.text) for __raise
    rt_raise.o(.text) refers to sys_exit.o(.text) for _sys_exit
    rt_eh_globals_addr.o(.text) refers to rt_eh_globals_addr.o(.bss) for __rt_eh_globals_addr_data
    rt_eh_globals_addr_intlibspace.o(.text) refers to libspace.o(.bss) for __libspace_start
    term_alloc.o(.text) refers (Special) to libshutdown2.o(.ARM.Collect$$libshutdown$$0000000D) for __rt_lib_shutdown_heap_2
    term_alloc.o(.text) refers to rt_heap_descriptor_intlibspace.o(.text) for __rt_heap_descriptor
    bsearchnoex.o(.text) refers to bsearchnoex.o(i.__ARM_common_call_via_r2) for __ARM_common_call_via_r2
    defsig_exit.o(.text) refers to sys_exit.o(.text) for _sys_exit
    defsig_abrt_outer.o(.text) refers to defsig_abrt_inner.o(.text) for __rt_SIGABRT_inner
    defsig_abrt_outer.o(.text) refers to defsig_exit.o(.text) for __sig_exit
    defsig_abrt_formal.o(.text) refers to rt_raise.o(.text) for __rt_raise
    defsig_rtmem_inner.o(.text) refers to defsig_general.o(.text) for __default_signal_display
    arm_exceptions_mem.o(.text) refers to h1_alloc.o(.text) for malloc
    arm_exceptions_mem.o(.ARM.exidx) refers to arm_exceptions_mem.o(.text) for .text
    rtexit2.o(.ARM.Collect$$rtexit$$00000003) refers to libshutdown.o(.ARM.Collect$$libshutdown$$00000000) for __rt_lib_shutdown
    rtexit2.o(.ARM.Collect$$rtexit$$00000004) refers to sys_exit.o(.text) for _sys_exit
    rtexit2.o(.ARM.exidx) refers to rtexit2.o(.ARM.Collect$$rtexit$$00000001) for .ARM.Collect$$rtexit$$00000001
    rtexit2.o(.ARM.exidx) refers to rtexit2.o(.ARM.Collect$$rtexit$$00000003) for .ARM.Collect$$rtexit$$00000003
    rtexit2.o(.ARM.exidx) refers to rtexit2.o(.ARM.Collect$$rtexit$$00000004) for .ARM.Collect$$rtexit$$00000004
    __raise.o(.text) refers to bsearchnoex.o(i.__ARM_common_call_via_r2) for __ARM_common_call_via_r2
    __raise.o(.text) refers to defsig.o(CL$$defsig) for __default_signal_handler
    defsig_general.o(.text) refers to sys_wrch.o(.text) for _ttywrch
    defsig_abrt_inner.o(.text) refers to defsig_general.o(.text) for __default_signal_display
    defsig_fpe_outer.o(.text) refers to defsig_fpe_inner.o(.text) for __rt_SIGFPE_inner
    defsig_fpe_outer.o(.text) refers to defsig_exit.o(.text) for __sig_exit
    defsig_fpe_formal.o(.text) refers to rt_raise.o(.text) for __rt_raise
    libshutdown2.o(.ARM.Collect$$libshutdown$$0000000C) refers (Weak) to term_alloc.o(.text) for _terminate_alloc
    sys_wrch.o(.text) refers (Special) to use_no_semi.o(.text) for __I$use$semihosting
    sys_wrch.o(.text) refers (Special) to indicate_semi.o(.text) for __semihosting_library_function
    defsig_fpe_inner.o(.text) refers to defsig_general.o(.text) for __default_signal_display
    defsig.o(CL$$defsig) refers to defsig_abrt_inner.o(.text) for __rt_SIGABRT_inner
    defsig.o(CL$$defsig) refers to defsig_fpe_inner.o(.text) for __rt_SIGFPE_inner
    defsig.o(CL$$defsig) refers to defsig_rtmem_inner.o(.text) for __rt_SIGRTMEM_inner
    libshutdown.o(.ARM.Collect$$libshutdown$$00000000) refers (Special) to libshutdown2.o(.ARM.Collect$$libshutdown$$00000006) for __rt_lib_shutdown_fp_trap_1
    libshutdown.o(.ARM.Collect$$libshutdown$$00000000) refers (Special) to libshutdown2.o(.ARM.Collect$$libshutdown$$0000000E) for __rt_lib_shutdown_heap_1
    libshutdown.o(.ARM.Collect$$libshutdown$$00000000) refers (Special) to libshutdown2.o(.ARM.Collect$$libshutdown$$0000000F) for __rt_lib_shutdown_return
    libshutdown.o(.ARM.Collect$$libshutdown$$00000000) refers (Special) to libshutdown2.o(.ARM.Collect$$libshutdown$$00000009) for __rt_lib_shutdown_signal_1
    libshutdown.o(.ARM.Collect$$libshutdown$$00000000) refers (Special) to libshutdown2.o(.ARM.Collect$$libshutdown$$00000003) for __rt_lib_shutdown_stdio_1
    libshutdown.o(.ARM.Collect$$libshutdown$$00000000) refers (Special) to libshutdown2.o(.ARM.Collect$$libshutdown$$0000000B) for __rt_lib_shutdown_user_alloc_1
    defsig_rtred_inner.o(.text) refers to defsig_general.o(.text) for __default_signal_display
    defsig_stak_inner.o(.text) refers to defsig_general.o(.text) for __default_signal_display
    defsig_pvfn_inner.o(.text) refers to defsig_general.o(.text) for __default_signal_display
    defsig_cppl_inner.o(.text) refers to defsig_general.o(.text) for __default_signal_display
    defsig_segv_inner.o(.text) refers to defsig_general.o(.text) for __default_signal_display
    defsig_other.o(.text) refers to defsig_general.o(.text) for __default_signal_display
    led.o(.constdata__ZTV3Led) refers to led.o(.constdata__ZTI3Led) for typeinfo for Led
    led.o(.constdata__ZTV3Led) refers to led.o(.text) for Led::On(unsigned char)
    led.o(.constdata__ZTI3Led) refers to lib_rtti_impl.o(.constdata__ZTVN10__cxxabiv117__class_type_infoE) for vtable for __cxxabiv1::__class_type_info
    led.o(.constdata__ZTI3Led) refers to led.o(.constdata__ZTS3Led) for typeinfo name for Led
    ledinv.o(.constdata__ZTV6LedInv) refers to ledinv.o(.constdata__ZTI6LedInv) for typeinfo for LedInv
    ledinv.o(.constdata__ZTV6LedInv) refers to ledinv.o(.text) for LedInv::On(unsigned char)
    ledinv.o(.constdata__ZTI6LedInv) refers to lib_rtti_impl.o(.constdata__ZTVN10__cxxabiv120__si_class_type_infoE) for vtable for __cxxabiv1::__si_class_type_info
    ledinv.o(.constdata__ZTI6LedInv) refers to ledinv.o(.constdata__ZTS6LedInv) for typeinfo name for LedInv
    ledinv.o(.constdata__ZTI6LedInv) refers to led.o(.constdata__ZTI3Led) for typeinfo for Led
    init_aeabi.o(i.__ARM_common_call_via_r0) refers (Special) to libinit2.o(.ARM.Collect$$libinit$$0000002F) for __rt_lib_init_cpp_2
    init_aeabi.o(.ARM.exidx) refers (Special) to libinit2.o(.ARM.Collect$$libinit$$0000002F) for __rt_lib_init_cpp_2
    init_aeabi.o(.ARM.exidx) refers to init_aeabi.o(i.__ARM_common_call_via_r0) for i.__ARM_common_call_via_r0
    lib_rtti_impl.o(.constdata__ZTVN10__cxxabiv123__fundamental_type_infoE) refers to lib_rtti_impl.o(.constdata__ZTIN10__cxxabiv123__fundamental_type_infoE) for typeinfo for __cxxabiv1::__fundamental_type_info
    lib_rtti_impl.o(.constdata__ZTVN10__cxxabiv123__fundamental_type_infoE) refers to lib_rtti_impl.o(i._ZN10__cxxabiv123__fundamental_type_infoD1Ev) for __cxxabiv1::__fundamental_type_info::~__fundamental_type_info()
    lib_rtti_impl.o(.constdata__ZTVN10__cxxabiv123__fundamental_type_infoE) refers to lib_rtti_impl.o(i._ZN10__cxxabiv123__fundamental_type_infoD0Ev) for __cxxabiv1::__fundamental_type_info::~__fundamental_type_info__deallocating()
    lib_rtti_impl.o(.constdata__ZTVN10__cxxabiv117__array_type_infoE) refers to lib_rtti_impl.o(.constdata__ZTIN10__cxxabiv117__array_type_infoE) for typeinfo for __cxxabiv1::__array_type_info
    lib_rtti_impl.o(.constdata__ZTVN10__cxxabiv117__array_type_infoE) refers to lib_rtti_impl.o(i._ZN10__cxxabiv117__array_type_infoD1Ev) for __cxxabiv1::__array_type_info::~__array_type_info()
    lib_rtti_impl.o(.constdata__ZTVN10__cxxabiv117__array_type_infoE) refers to lib_rtti_impl.o(i._ZN10__cxxabiv117__array_type_infoD0Ev) for __cxxabiv1::__array_type_info::~__array_type_info__deallocating()
    lib_rtti_impl.o(.constdata__ZTVN10__cxxabiv120__function_type_infoE) refers to lib_rtti_impl.o(.constdata__ZTIN10__cxxabiv120__function_type_infoE) for typeinfo for __cxxabiv1::__function_type_info
    lib_rtti_impl.o(.constdata__ZTVN10__cxxabiv120__function_type_infoE) refers to lib_rtti_impl.o(i._ZN10__cxxabiv120__function_type_infoD1Ev) for __cxxabiv1::__function_type_info::~__function_type_info()
    lib_rtti_impl.o(.constdata__ZTVN10__cxxabiv120__function_type_infoE) refers to lib_rtti_impl.o(i._ZN10__cxxabiv120__function_type_infoD0Ev) for __cxxabiv1::__function_type_info::~__function_type_info__deallocating()
    lib_rtti_impl.o(.constdata__ZTVN10__cxxabiv116__enum_type_infoE) refers to lib_rtti_impl.o(.constdata__ZTIN10__cxxabiv116__enum_type_infoE) for typeinfo for __cxxabiv1::__enum_type_info
    lib_rtti_impl.o(.constdata__ZTVN10__cxxabiv116__enum_type_infoE) refers to lib_rtti_impl.o(i._ZN10__cxxabiv116__enum_type_infoD1Ev) for __cxxabiv1::__enum_type_info::~__enum_type_info()
    lib_rtti_impl.o(.constdata__ZTVN10__cxxabiv116__enum_type_infoE) refers to lib_rtti_impl.o(i._ZN10__cxxabiv116__enum_type_infoD0Ev) for __cxxabiv1::__enum_type_info::~__enum_type_info__deallocating()
    lib_rtti_impl.o(.constdata__ZTVN10__cxxabiv117__class_type_infoE) refers to lib_rtti_impl.o(.constdata__ZTIN10__cxxabiv117__class_type_infoE) for typeinfo for __cxxabiv1::__class_type_info
    lib_rtti_impl.o(.constdata__ZTVN10__cxxabiv117__class_type_infoE) refers to lib_rtti_impl.o(i._ZN10__cxxabiv117__class_type_infoD1Ev) for __cxxabiv1::__class_type_info::~__class_type_info()
    lib_rtti_impl.o(.constdata__ZTVN10__cxxabiv117__class_type_infoE) refers to lib_rtti_impl.o(i._ZN10__cxxabiv117__class_type_infoD0Ev) for __cxxabiv1::__class_type_info::~__class_type_info__deallocating()
    lib_rtti_impl.o(.constdata__ZTVN10__cxxabiv120__si_class_type_infoE) refers to lib_rtti_impl.o(.constdata__ZTIN10__cxxabiv120__si_class_type_infoE) for typeinfo for __cxxabiv1::__si_class_type_info
    lib_rtti_impl.o(.constdata__ZTVN10__cxxabiv120__si_class_type_infoE) refers to lib_rtti_impl.o(i._ZN10__cxxabiv120__si_class_type_infoD1Ev) for __cxxabiv1::__si_class_type_info::~__si_class_type_info()
    lib_rtti_impl.o(.constdata__ZTVN10__cxxabiv120__si_class_type_infoE) refers to lib_rtti_impl.o(i._ZN10__cxxabiv120__si_class_type_infoD0Ev) for __cxxabiv1::__si_class_type_info::~__si_class_type_info__deallocating()
    lib_rtti_impl.o(.constdata__ZTVN10__cxxabiv121__vmi_class_type_infoE) refers to lib_rtti_impl.o(.constdata__ZTIN10__cxxabiv121__vmi_class_type_infoE) for typeinfo for __cxxabiv1::__vmi_class_type_info
    lib_rtti_impl.o(.constdata__ZTVN10__cxxabiv121__vmi_class_type_infoE) refers to lib_rtti_impl.o(i._ZN10__cxxabiv121__vmi_class_type_infoD1Ev) for __cxxabiv1::__vmi_class_type_info::~__vmi_class_type_info()
    lib_rtti_impl.o(.constdata__ZTVN10__cxxabiv121__vmi_class_type_infoE) refers to lib_rtti_impl.o(i._ZN10__cxxabiv121__vmi_class_type_infoD0Ev) for __cxxabiv1::__vmi_class_type_info::~__vmi_class_type_info__deallocating()
    lib_rtti_impl.o(.constdata__ZTVN10__cxxabiv117__pbase_type_infoE) refers to lib_rtti_impl.o(.constdata__ZTIN10__cxxabiv117__pbase_type_infoE) for typeinfo for __cxxabiv1::__pbase_type_info
    lib_rtti_impl.o(.constdata__ZTVN10__cxxabiv117__pbase_type_infoE) refers to lib_rtti_impl.o(i._ZN10__cxxabiv117__pbase_type_infoD1Ev) for __cxxabiv1::__pbase_type_info::~__pbase_type_info()
    lib_rtti_impl.o(.constdata__ZTVN10__cxxabiv117__pbase_type_infoE) refers to lib_rtti_impl.o(i._ZN10__cxxabiv117__pbase_type_infoD0Ev) for __cxxabiv1::__pbase_type_info::~__pbase_type_info__deallocating()
    lib_rtti_impl.o(.constdata__ZTVN10__cxxabiv119__pointer_type_infoE) refers to lib_rtti_impl.o(.constdata__ZTIN10__cxxabiv119__pointer_type_infoE) for typeinfo for __cxxabiv1::__pointer_type_info
    lib_rtti_impl.o(.constdata__ZTVN10__cxxabiv119__pointer_type_infoE) refers to lib_rtti_impl.o(i._ZN10__cxxabiv119__pointer_type_infoD1Ev) for __cxxabiv1::__pointer_type_info::~__pointer_type_info()
    lib_rtti_impl.o(.constdata__ZTVN10__cxxabiv119__pointer_type_infoE) refers to lib_rtti_impl.o(i._ZN10__cxxabiv119__pointer_type_infoD0Ev) for __cxxabiv1::__pointer_type_info::~__pointer_type_info__deallocating()
    lib_rtti_impl.o(.constdata__ZTVN10__cxxabiv129__pointer_to_member_type_infoE) refers to lib_rtti_impl.o(.constdata__ZTIN10__cxxabiv129__pointer_to_member_type_infoE) for typeinfo for __cxxabiv1::__pointer_to_member_type_info
    lib_rtti_impl.o(.constdata__ZTVN10__cxxabiv129__pointer_to_member_type_infoE) refers to lib_rtti_impl.o(i._ZN10__cxxabiv129__pointer_to_member_type_infoD1Ev) for __cxxabiv1::__pointer_to_member_type_info::~__pointer_to_member_type_info()
    lib_rtti_impl.o(.constdata__ZTVN10__cxxabiv129__pointer_to_member_type_infoE) refers to lib_rtti_impl.o(i._ZN10__cxxabiv129__pointer_to_member_type_infoD0Ev) for __cxxabiv1::__pointer_to_member_type_info::~__pointer_to_member_type_info__deallocating()
    lib_rtti_impl.o(.constdata__ZTIN10__cxxabiv123__fundamental_type_infoE) refers to lib_rtti_impl.o(.constdata__ZTVN10__cxxabiv120__si_class_type_infoE) for vtable for __cxxabiv1::__si_class_type_info
    lib_rtti_impl.o(.constdata__ZTIN10__cxxabiv123__fundamental_type_infoE) refers to lib_rtti_impl.o(.constdata__ZTSN10__cxxabiv123__fundamental_type_infoE) for typeinfo name for __cxxabiv1::__fundamental_type_info
    lib_rtti_impl.o(.constdata__ZTIN10__cxxabiv123__fundamental_type_infoE) refers to type_info_dtor.o(.constdata__ZTISt9type_info) for typeinfo for std::type_info
    lib_rtti_impl.o(.constdata__ZTIN10__cxxabiv117__array_type_infoE) refers to lib_rtti_impl.o(.constdata__ZTVN10__cxxabiv120__si_class_type_infoE) for vtable for __cxxabiv1::__si_class_type_info
    lib_rtti_impl.o(.constdata__ZTIN10__cxxabiv117__array_type_infoE) refers to lib_rtti_impl.o(.constdata__ZTSN10__cxxabiv117__array_type_infoE) for typeinfo name for __cxxabiv1::__array_type_info
    lib_rtti_impl.o(.constdata__ZTIN10__cxxabiv117__array_type_infoE) refers to type_info_dtor.o(.constdata__ZTISt9type_info) for typeinfo for std::type_info
    lib_rtti_impl.o(.constdata__ZTIN10__cxxabiv120__function_type_infoE) refers to lib_rtti_impl.o(.constdata__ZTVN10__cxxabiv120__si_class_type_infoE) for vtable for __cxxabiv1::__si_class_type_info
    lib_rtti_impl.o(.constdata__ZTIN10__cxxabiv120__function_type_infoE) refers to lib_rtti_impl.o(.constdata__ZTSN10__cxxabiv120__function_type_infoE) for typeinfo name for __cxxabiv1::__function_type_info
    lib_rtti_impl.o(.constdata__ZTIN10__cxxabiv120__function_type_infoE) refers to type_info_dtor.o(.constdata__ZTISt9type_info) for typeinfo for std::type_info
    lib_rtti_impl.o(.constdata__ZTIN10__cxxabiv116__enum_type_infoE) refers to lib_rtti_impl.o(.constdata__ZTVN10__cxxabiv120__si_class_type_infoE) for vtable for __cxxabiv1::__si_class_type_info
    lib_rtti_impl.o(.constdata__ZTIN10__cxxabiv116__enum_type_infoE) refers to lib_rtti_impl.o(.constdata__ZTSN10__cxxabiv116__enum_type_infoE) for typeinfo name for __cxxabiv1::__enum_type_info
    lib_rtti_impl.o(.constdata__ZTIN10__cxxabiv116__enum_type_infoE) refers to type_info_dtor.o(.constdata__ZTISt9type_info) for typeinfo for std::type_info
    lib_rtti_impl.o(.constdata__ZTIN10__cxxabiv117__class_type_infoE) refers to lib_rtti_impl.o(.constdata__ZTVN10__cxxabiv120__si_class_type_infoE) for vtable for __cxxabiv1::__si_class_type_info
    lib_rtti_impl.o(.constdata__ZTIN10__cxxabiv117__class_type_infoE) refers to lib_rtti_impl.o(.constdata__ZTSN10__cxxabiv117__class_type_infoE) for typeinfo name for __cxxabiv1::__class_type_info
    lib_rtti_impl.o(.constdata__ZTIN10__cxxabiv117__class_type_infoE) refers to type_info_dtor.o(.constdata__ZTISt9type_info) for typeinfo for std::type_info
    lib_rtti_impl.o(.constdata__ZTIN10__cxxabiv120__si_class_type_infoE) refers to lib_rtti_impl.o(.constdata__ZTVN10__cxxabiv120__si_class_type_infoE) for vtable for __cxxabiv1::__si_class_type_info
    lib_rtti_impl.o(.constdata__ZTIN10__cxxabiv120__si_class_type_infoE) refers to lib_rtti_impl.o(.constdata__ZTSN10__cxxabiv120__si_class_type_infoE) for typeinfo name for __cxxabiv1::__si_class_type_info
    lib_rtti_impl.o(.constdata__ZTIN10__cxxabiv120__si_class_type_infoE) refers to lib_rtti_impl.o(.constdata__ZTIN10__cxxabiv117__class_type_infoE) for typeinfo for __cxxabiv1::__class_type_info
    lib_rtti_impl.o(.constdata__ZTIN10__cxxabiv121__vmi_class_type_infoE) refers to lib_rtti_impl.o(.constdata__ZTVN10__cxxabiv120__si_class_type_infoE) for vtable for __cxxabiv1::__si_class_type_info
    lib_rtti_impl.o(.constdata__ZTIN10__cxxabiv121__vmi_class_type_infoE) refers to lib_rtti_impl.o(.constdata__ZTSN10__cxxabiv121__vmi_class_type_infoE) for typeinfo name for __cxxabiv1::__vmi_class_type_info
    lib_rtti_impl.o(.constdata__ZTIN10__cxxabiv121__vmi_class_type_infoE) refers to lib_rtti_impl.o(.constdata__ZTIN10__cxxabiv117__class_type_infoE) for typeinfo for __cxxabiv1::__class_type_info
    lib_rtti_impl.o(.constdata__ZTIN10__cxxabiv117__pbase_type_infoE) refers to lib_rtti_impl.o(.constdata__ZTVN10__cxxabiv120__si_class_type_infoE) for vtable for __cxxabiv1::__si_class_type_info
    lib_rtti_impl.o(.constdata__ZTIN10__cxxabiv117__pbase_type_infoE) refers to lib_rtti_impl.o(.constdata__ZTSN10__cxxabiv117__pbase_type_infoE) for typeinfo name for __cxxabiv1::__pbase_type_info
    lib_rtti_impl.o(.constdata__ZTIN10__cxxabiv117__pbase_type_infoE) refers to type_info_dtor.o(.constdata__ZTISt9type_info) for typeinfo for std::type_info
    lib_rtti_impl.o(.constdata__ZTIN10__cxxabiv119__pointer_type_infoE) refers to lib_rtti_impl.o(.constdata__ZTVN10__cxxabiv120__si_class_type_infoE) for vtable for __cxxabiv1::__si_class_type_info
    lib_rtti_impl.o(.constdata__ZTIN10__cxxabiv119__pointer_type_infoE) refers to lib_rtti_impl.o(.constdata__ZTSN10__cxxabiv119__pointer_type_infoE) for typeinfo name for __cxxabiv1::__pointer_type_info
    lib_rtti_impl.o(.constdata__ZTIN10__cxxabiv119__pointer_type_infoE) refers to lib_rtti_impl.o(.constdata__ZTIN10__cxxabiv117__pbase_type_infoE) for typeinfo for __cxxabiv1::__pbase_type_info
    lib_rtti_impl.o(.constdata__ZTIN10__cxxabiv129__pointer_to_member_type_infoE) refers to lib_rtti_impl.o(.constdata__ZTVN10__cxxabiv120__si_class_type_infoE) for vtable for __cxxabiv1::__si_class_type_info
    lib_rtti_impl.o(.constdata__ZTIN10__cxxabiv129__pointer_to_member_type_infoE) refers to lib_rtti_impl.o(.constdata__ZTSN10__cxxabiv129__pointer_to_member_type_infoE) for typeinfo name for __cxxabiv1::__pointer_to_member_type_info
    lib_rtti_impl.o(.constdata__ZTIN10__cxxabiv129__pointer_to_member_type_infoE) refers to lib_rtti_impl.o(.constdata__ZTIN10__cxxabiv117__pbase_type_infoE) for typeinfo for __cxxabiv1::__pbase_type_info
    bad_alloc_dtor.o(.constdata__ZTVSt9bad_alloc) refers to bad_alloc_dtor.o(.constdata__ZTISt9bad_alloc) for typeinfo for std::bad_alloc
    bad_alloc_dtor.o(.constdata__ZTVSt9bad_alloc) refers to bad_alloc_dtor.o(i._ZNSt9bad_allocD1Ev) for std::bad_alloc::~bad_alloc()
    bad_alloc_dtor.o(.constdata__ZTVSt9bad_alloc) refers to bad_alloc_dtor.o(i._ZNSt9bad_allocD0Ev) for std::bad_alloc::~bad_alloc__deallocating()
    bad_alloc_dtor.o(.constdata__ZTVSt9bad_alloc) refers to bad_alloc_what.o(i._ZNKSt9bad_alloc4whatEv) for std::bad_alloc::what() const
    bad_alloc_dtor.o(.constdata__ZTISt9bad_alloc) refers to lib_rtti_impl.o(.constdata__ZTVN10__cxxabiv120__si_class_type_infoE) for vtable for __cxxabiv1::__si_class_type_info
    bad_alloc_dtor.o(.constdata__ZTISt9bad_alloc) refers to bad_alloc_dtor.o(.constdata__ZTSSt9bad_alloc) for typeinfo name for std::bad_alloc
    bad_alloc_dtor.o(.constdata__ZTISt9bad_alloc) refers to exception_dtor.o(.constdata__ZTISt9exception) for typeinfo for std::exception
    type_info_dtor.o(.constdata__ZTVSt9type_info) refers to type_info_dtor.o(.constdata__ZTISt9type_info) for typeinfo for std::type_info
    type_info_dtor.o(.constdata__ZTVSt9type_info) refers to type_info_dtor.o(i._ZNSt9type_infoD1Ev) for std::type_info::~type_info()
    type_info_dtor.o(.constdata__ZTVSt9type_info) refers to type_info_dtor.o(i._ZNSt9type_infoD0Ev) for std::type_info::~type_info__deallocating()
    type_info_dtor.o(.constdata__ZTISt9type_info) refers to lib_rtti_impl.o(.constdata__ZTVN10__cxxabiv117__class_type_infoE) for vtable for __cxxabiv1::__class_type_info
    type_info_dtor.o(.constdata__ZTISt9type_info) refers to type_info_dtor.o(.constdata__ZTSSt9type_info) for typeinfo name for std::type_info
    arm_exceptions_terminate.o(.ARM.exidx) refers to arm_exceptions_terminate.o(i.__ARM_common_call_via_r1) for i.__ARM_common_call_via_r1
    exception_dtor.o(.constdata__ZTVSt9exception) refers to exception_dtor.o(.constdata__ZTISt9exception) for typeinfo for std::exception
    exception_dtor.o(.constdata__ZTVSt9exception) refers to exception_dtor.o(i._ZNSt9exceptionD1Ev) for std::exception::~exception()
    exception_dtor.o(.constdata__ZTVSt9exception) refers to exception_dtor.o(i._ZNSt9exceptionD0Ev) for std::exception::~exception__deallocating()
    exception_dtor.o(.constdata__ZTVSt9exception) refers to exception_what.o(i._ZNKSt9exception4whatEv) for std::exception::what() const
    exception_dtor.o(.constdata__ZTISt9exception) refers to lib_rtti_impl.o(.constdata__ZTVN10__cxxabiv117__class_type_infoE) for vtable for __cxxabiv1::__class_type_info
    exception_dtor.o(.constdata__ZTISt9exception) refers to exception_dtor.o(.constdata__ZTSSt9exception) for typeinfo name for std::exception


==============================================================================

Removing Unused input sections from the image.

    Removing startup.o(RESET), (272 bytes).
    Removing keyboard.o(.ARM.exidx), (8 bytes).
    Removing main.o(.ARM.exidx), (8 bytes).
    Removing led.o(.ARM.exidx), (8 bytes).
    Removing stepper.o(.ARM.exidx), (8 bytes).
    Removing ledinv.o(.ARM.exidx), (8 bytes).
    Removing led.o(.constdata__ZTI3Led), (8 bytes).
    Removing led.o(.constdata__ZTS3Led), (5 bytes).
    Removing ledinv.o(.constdata__ZTI6LedInv), (12 bytes).
    Removing ledinv.o(.constdata__ZTS6LedInv), (8 bytes).

10 unused section(s) (total 345 bytes) removed from the image.

==============================================================================

Adding Veneers to the image

    Adding AT veneer (8 bytes, Inline) for call to '__rt_lib_init' from rtentry2.o(.ARM.Collect$$rtentry$$0000000A).
    Adding AT veneer (8 bytes, Inline) for call to '__rt_lib_shutdown' from rtexit2.o(.ARM.Collect$$rtexit$$00000003).
    Adding TA veneer (4 bytes, Inline) for call to '__rt_exit' from exit.o(.text).
    Adding TA veneer (4 bytes, Inline) for call to '__rt_new_handler_addr' from new.o(i._Znwj).
    Adding TA veneer (4 bytes, Inline) for call to '__rt_heap_descriptor' from h1_alloc.o(.text).
    Adding AT veneer (8 bytes, Inline) for call to '_sys_exit' from rtexit2.o(.ARM.Collect$$rtexit$$00000004).
    Adding TA veneer (4 bytes, Inline) for call to '__rt_eh_globals_addr' from arm_exceptions_globs.o(.text).
    Adding AT veneer (8 bytes, Inline) for call to 'operator new(unsigned)' from main.o(.text).

8 Veneer(s) (total 48 bytes) added to the image.

==============================================================================

Image Symbol Table

    Local Symbols

    Symbol Name                              Value     Ov Type        Size  Object(Section)

    !!!main                                  0x00000000   Section        8  __main.o(!!!main)
    ../../../edgfe/lib_src/arm_exceptions.c  0x00000000   Number         0  arm_exceptions_terminate.o ABSOLUTE
    ../../../edgfe/lib_src/arm_exceptions.c  0x00000000   Number         0  arm_exceptions_mem.o ABSOLUTE
    ../../../edgfe/lib_src/arm_exceptions.c  0x00000000   Number         0  arm_exceptions_globs.o ABSOLUTE
    ../../../edgfe/lib_src/arm_noexceptions.c 0x00000000   Number         0  arm_newhandler_noexceptions.o ABSOLUTE
    ../../../edgfe/lib_src/arm_noexceptions.c 0x00000000   Number         0  arm_callunex_noexceptions.o ABSOLUTE
    ../../../edgfe/lib_src/bad_alloc.c       0x00000000   Number         0  bad_alloc_what.o ABSOLUTE
    ../../../edgfe/lib_src/bad_alloc.c       0x00000000   Number         0  bad_alloc_dtor.o ABSOLUTE
    ../../../edgfe/lib_src/delete.c          0x00000000   Number         0  delete.o ABSOLUTE
    ../../../edgfe/lib_src/exception.c       0x00000000   Number         0  exception_what.o ABSOLUTE
    ../../../edgfe/lib_src/exception.c       0x00000000   Number         0  exception_dtor.o ABSOLUTE
    ../../../edgfe/lib_src/new.c             0x00000000   Number         0  new.o ABSOLUTE
    ../../../edgfe/lib_src/typeinfo.c        0x00000000   Number         0  lib_rtti_impl.o ABSOLUTE
    ../../../edgfe/lib_src/typeinfo.c        0x00000000   Number         0  type_info_dtor.o ABSOLUTE
    ../clib/angel/boardlib.s                 0x00000000   Number         0  boardshut.o ABSOLUTE
    ../clib/angel/boardlib.s                 0x00000000   Number         0  boardinit1.o ABSOLUTE
    ../clib/angel/boardlib.s                 0x00000000   Number         0  boardinit2.o ABSOLUTE
    ../clib/angel/boardlib.s                 0x00000000   Number         0  boardinit3.o ABSOLUTE
    ../clib/angel/handlers.s                 0x00000000   Number         0  __scatter_copy.o ABSOLUTE
    ../clib/angel/handlers.s                 0x00000000   Number         0  __scatter_zi.o ABSOLUTE
    ../clib/angel/kernel.s                   0x00000000   Number         0  rtentry.o ABSOLUTE
    ../clib/angel/kernel.s                   0x00000000   Number         0  rtentry4.o ABSOLUTE
    ../clib/angel/kernel.s                   0x00000000   Number         0  rtentry2.o ABSOLUTE
    ../clib/angel/kernel.s                   0x00000000   Number         0  rtexit2.o ABSOLUTE
    ../clib/angel/kernel.s                   0x00000000   Number         0  rtexit.o ABSOLUTE
    ../clib/angel/rt.s                       0x00000000   Number         0  rt_heap_descriptor_intlibspace.o ABSOLUTE
    ../clib/angel/rt.s                       0x00000000   Number         0  rt_div0.o ABSOLUTE
    ../clib/angel/rt.s                       0x00000000   Number         0  rt_new_handler_addr.o ABSOLUTE
    ../clib/angel/rt.s                       0x00000000   Number         0  rt_new_handler_addr_intlibspace.o ABSOLUTE
    ../clib/angel/rt.s                       0x00000000   Number         0  rt_raise.o ABSOLUTE
    ../clib/angel/rt.s                       0x00000000   Number         0  rt_eh_globals_addr.o ABSOLUTE
    ../clib/angel/rt.s                       0x00000000   Number         0  rt_eh_globals_addr_intlibspace.o ABSOLUTE
    ../clib/angel/rt.s                       0x00000000   Number         0  aeabi_idiv0_sigfpe.o ABSOLUTE
    ../clib/angel/rt.s                       0x00000000   Number         0  aeabi_idiv0.o ABSOLUTE
    ../clib/angel/rt.s                       0x00000000   Number         0  rt_heap_descriptor.o ABSOLUTE
    ../clib/angel/scatter.s                  0x00000000   Number         0  __scatter.o ABSOLUTE
    ../clib/angel/startup.s                  0x00000000   Number         0  __main.o ABSOLUTE
    ../clib/angel/sys.s                      0x00000000   Number         0  indicate_semi.o ABSOLUTE
    ../clib/angel/sys.s                      0x00000000   Number         0  use_no_semi.o ABSOLUTE
    ../clib/angel/sys.s                      0x00000000   Number         0  libspace.o ABSOLUTE
    ../clib/angel/sys.s                      0x00000000   Number         0  mutex_dummy.o ABSOLUTE
    ../clib/angel/sys.s                      0x00000000   Number         0  sys_stackheap_outer.o ABSOLUTE
    ../clib/angel/sysapp.c                   0x00000000   Number         0  sys_command.o ABSOLUTE
    ../clib/angel/sysapp.c                   0x00000000   Number         0  sys_exit.o ABSOLUTE
    ../clib/angel/sysapp.c                   0x00000000   Number         0  sys_wrch.o ABSOLUTE
    ../clib/arm_runtime.c                    0x00000000   Number         0  init_aeabi.o ABSOLUTE
    ../clib/arm_runtime.c                    0x00000000   Number         0  init_aeabi.o ABSOLUTE
    ../clib/armsys.c                         0x00000000   Number         0  _get_argv.o ABSOLUTE
    ../clib/armsys.c                         0x00000000   Number         0  argv_veneer.o ABSOLUTE
    ../clib/armsys.c                         0x00000000   Number         0  no_argv.o ABSOLUTE
    ../clib/armsys.c                         0x00000000   Number         0  _get_argv_nomalloc.o ABSOLUTE
    ../clib/armsys.c                         0x00000000   Number         0  argv_veneer.o ABSOLUTE
    ../clib/division.s                       0x00000000   Number         0  aeabi_sdiv.o ABSOLUTE
    ../clib/division.s                       0x00000000   Number         0  aeabi_sdiv_div0.o ABSOLUTE
    ../clib/divrt.s                          0x00000000   Number         0  divrt_7tdmi_div0.o ABSOLUTE
    ../clib/divrt.s                          0x00000000   Number         0  divrt_7tdmi.o ABSOLUTE
    ../clib/heap1.c                          0x00000000   Number         0  h1_alloc_mt.o ABSOLUTE
    ../clib/heap1.c                          0x00000000   Number         0  h1_final_mt.o ABSOLUTE
    ../clib/heap1.c                          0x00000000   Number         0  h1_final.o ABSOLUTE
    ../clib/heap1.c                          0x00000000   Number         0  h1_alloc.o ABSOLUTE
    ../clib/heap1.c                          0x00000000   Number         0  h1_extend_mt.o ABSOLUTE
    ../clib/heap1.c                          0x00000000   Number         0  h1_extend.o ABSOLUTE
    ../clib/heap1.c                          0x00000000   Number         0  h1_free_mt.o ABSOLUTE
    ../clib/heap1.c                          0x00000000   Number         0  h1_init_mt.o ABSOLUTE
    ../clib/heap1.c                          0x00000000   Number         0  h1_free.o ABSOLUTE
    ../clib/heap1.c                          0x00000000   Number         0  h1_init.o ABSOLUTE
    ../clib/heap2.c                          0x00000000   Number         0  heap2.o ABSOLUTE
    ../clib/heap2.c                          0x00000000   Number         0  fdtree.o ABSOLUTE
    ../clib/heap2.c                          0x00000000   Number         0  heap2mt.o ABSOLUTE
    ../clib/heapalloc.c                      0x00000000   Number         0  term_alloc.o ABSOLUTE
    ../clib/heapalloc.c                      0x00000000   Number         0  malloc.o ABSOLUTE
    ../clib/heapalloc.c                      0x00000000   Number         0  heapstubs.o ABSOLUTE
    ../clib/heapalloc.c                      0x00000000   Number         0  maybetermalloc2.o ABSOLUTE
    ../clib/heapalloc.c                      0x00000000   Number         0  maybetermalloc1.o ABSOLUTE
    ../clib/heapalloc.c                      0x00000000   Number         0  free.o ABSOLUTE
    ../clib/heapalloc.c                      0x00000000   Number         0  init_alloc.o ABSOLUTE
    ../clib/heapalloc.c                      0x00000000   Number         0  maybetermalloc1.o ABSOLUTE
    ../clib/heapalloc.c                      0x00000000   Number         0  hrguard.o ABSOLUTE
    ../clib/heapalloc.c                      0x00000000   Number         0  hguard.o ABSOLUTE
    ../clib/heapalloc.c                      0x00000000   Number         0  maybetermalloc2.o ABSOLUTE
    ../clib/heapaux.c                        0x00000000   Number         0  heapauxi.o ABSOLUTE
    ../clib/heapaux.c                        0x00000000   Number         0  heapauxa.o ABSOLUTE
    ../clib/libinit.s                        0x00000000   Number         0  libshutdown2.o ABSOLUTE
    ../clib/libinit.s                        0x00000000   Number         0  libshutdown.o ABSOLUTE
    ../clib/libinit.s                        0x00000000   Number         0  libinit.o ABSOLUTE
    ../clib/libinit.s                        0x00000000   Number         0  libinit2.o ABSOLUTE
    ../clib/memcpset.s                       0x00000000   Number         0  rt_memcpy_w.o ABSOLUTE
    ../clib/signal.c                         0x00000000   Number         0  defsig_cppl_inner.o ABSOLUTE
    ../clib/signal.c                         0x00000000   Number         0  defsig_segv_inner.o ABSOLUTE
    ../clib/signal.c                         0x00000000   Number         0  defsig_other.o ABSOLUTE
    ../clib/signal.c                         0x00000000   Number         0  defsig_rtmem_outer.o ABSOLUTE
    ../clib/signal.c                         0x00000000   Number         0  defsig_fpe_outer.o ABSOLUTE
    ../clib/signal.c                         0x00000000   Number         0  defsig_rtmem_formal.o ABSOLUTE
    ../clib/signal.c                         0x00000000   Number         0  defsig_exit.o ABSOLUTE
    ../clib/signal.c                         0x00000000   Number         0  defsig_abrt_outer.o ABSOLUTE
    ../clib/signal.c                         0x00000000   Number         0  defsig_abrt_formal.o ABSOLUTE
    ../clib/signal.c                         0x00000000   Number         0  defsig_rtmem_inner.o ABSOLUTE
    ../clib/signal.c                         0x00000000   Number         0  __raise.o ABSOLUTE
    ../clib/signal.c                         0x00000000   Number         0  defsig_general.o ABSOLUTE
    ../clib/signal.c                         0x00000000   Number         0  defsig_abrt_inner.o ABSOLUTE
    ../clib/signal.c                         0x00000000   Number         0  defsig_fpe_formal.o ABSOLUTE
    ../clib/signal.c                         0x00000000   Number         0  defsig_fpe_inner.o ABSOLUTE
    ../clib/signal.c                         0x00000000   Number         0  defsig_rtred_inner.o ABSOLUTE
    ../clib/signal.c                         0x00000000   Number         0  defsig_stak_inner.o ABSOLUTE
    ../clib/signal.c                         0x00000000   Number         0  defsig_pvfn_inner.o ABSOLUTE
    ../clib/signal.s                         0x00000000   Number         0  defsig.o ABSOLUTE
    ../clib/stdlib.c                         0x00000000   Number         0  bsearchnoex.o ABSOLUTE
    ../clib/stdlib.c                         0x00000000   Number         0  abort.o ABSOLUTE
    ../clib/stdlib.c                         0x00000000   Number         0  exit.o ABSOLUTE
    ../clib/unwind_pr.c                      0x00000000   Number         0  unwind_pr0.o ABSOLUTE
    ../clib/unwind_pr.c                      0x00000000   Number         0  unwind_prcommon.o ABSOLUTE
    ../clib/unwinder.c                       0x00000000   Number         0  unwinder.o ABSOLUTE
    ../clib/unwinder.c                       0x00000000   Number         0  unwinder.o ABSOLUTE
    ../clib/unwinder.c                       0x00000000   Number         0  unwind_activity.o ABSOLUTE
    ../clib/unwinder.c                       0x00000000   Number         0  unwind_activity.o ABSOLUTE
    ../fplib/fpinit.s                        0x00000000   Number         0  fpinit.o ABSOLUTE
    Startup.s                                0x00000000   Number         0  startup.o ABSOLUTE
    dc.s                                     0x00000000   Number         0  dc.o ABSOLUTE
    keyboard.cpp                             0x00000000   Number         0  keyboard.o ABSOLUTE
    led.cpp                                  0x00000000   Number         0  led.o ABSOLUTE
    ledInv.cpp                               0x00000000   Number         0  ledinv.o ABSOLUTE
    main.cpp                                 0x00000000   Number         0  main.o ABSOLUTE
    stepper.cpp                              0x00000000   Number         0  stepper.o ABSOLUTE
    !!!scatter                               0x00000008   Section       60  __scatter.o(!!!scatter)
    !!handler_copy                           0x00000044   Section       40  __scatter_copy.o(!!handler_copy)
    !!handler_zi                             0x0000006c   Section       44  __scatter_zi.o(!!handler_zi)
    .ARM.Collect$$libinit$$00000000          0x000000a0   Section        2  libinit.o(.ARM.Collect$$libinit$$00000000)
    .ARM.Collect$$libinit$$00000002          0x000000a2   Section        0  libinit2.o(.ARM.Collect$$libinit$$00000002)
    .ARM.Collect$$libinit$$00000003          0x000000a2   Section        8  libinit2.o(.ARM.Collect$$libinit$$00000003)
    .ARM.Collect$$libinit$$00000008          0x000000aa   Section        0  libinit2.o(.ARM.Collect$$libinit$$00000008)
    .ARM.Collect$$libinit$$0000000A          0x000000aa   Section        0  libinit2.o(.ARM.Collect$$libinit$$0000000A)
    .ARM.Collect$$libinit$$0000000C          0x000000aa   Section        0  libinit2.o(.ARM.Collect$$libinit$$0000000C)
    .ARM.Collect$$libinit$$0000000F          0x000000aa   Section        0  libinit2.o(.ARM.Collect$$libinit$$0000000F)
    .ARM.Collect$$libinit$$00000011          0x000000aa   Section        0  libinit2.o(.ARM.Collect$$libinit$$00000011)
    .ARM.Collect$$libinit$$00000013          0x000000aa   Section        0  libinit2.o(.ARM.Collect$$libinit$$00000013)
    .ARM.Collect$$libinit$$00000015          0x000000aa   Section        0  libinit2.o(.ARM.Collect$$libinit$$00000015)
    .ARM.Collect$$libinit$$00000017          0x000000aa   Section        0  libinit2.o(.ARM.Collect$$libinit$$00000017)
    .ARM.Collect$$libinit$$00000019          0x000000aa   Section        0  libinit2.o(.ARM.Collect$$libinit$$00000019)
    .ARM.Collect$$libinit$$0000001B          0x000000aa   Section        0  libinit2.o(.ARM.Collect$$libinit$$0000001B)
    .ARM.Collect$$libinit$$0000001D          0x000000aa   Section        0  libinit2.o(.ARM.Collect$$libinit$$0000001D)
    .ARM.Collect$$libinit$$0000001F          0x000000aa   Section        0  libinit2.o(.ARM.Collect$$libinit$$0000001F)
    .ARM.Collect$$libinit$$00000021          0x000000aa   Section        0  libinit2.o(.ARM.Collect$$libinit$$00000021)
    .ARM.Collect$$libinit$$00000023          0x000000aa   Section        0  libinit2.o(.ARM.Collect$$libinit$$00000023)
    .ARM.Collect$$libinit$$0000002A          0x000000aa   Section        0  libinit2.o(.ARM.Collect$$libinit$$0000002A)
    .ARM.Collect$$libinit$$0000002C          0x000000aa   Section        0  libinit2.o(.ARM.Collect$$libinit$$0000002C)
    .ARM.Collect$$libinit$$0000002E          0x000000aa   Section        0  libinit2.o(.ARM.Collect$$libinit$$0000002E)
    .ARM.Collect$$libinit$$0000002F          0x000000aa   Section        4  libinit2.o(.ARM.Collect$$libinit$$0000002F)
    .ARM.Collect$$libinit$$00000030          0x000000ae   Section        0  libinit2.o(.ARM.Collect$$libinit$$00000030)
    .ARM.Collect$$libinit$$00000031          0x000000ae   Section       12  libinit2.o(.ARM.Collect$$libinit$$00000031)
    .ARM.Collect$$libshutdown$$00000000      0x000000c4   Section        4  libshutdown.o(.ARM.Collect$$libshutdown$$00000000)
    .ARM.Collect$$libshutdown$$00000003      0x000000c8   Section        0  libshutdown2.o(.ARM.Collect$$libshutdown$$00000003)
    .ARM.Collect$$libshutdown$$00000006      0x000000c8   Section        0  libshutdown2.o(.ARM.Collect$$libshutdown$$00000006)
    .ARM.Collect$$libshutdown$$00000009      0x000000c8   Section        0  libshutdown2.o(.ARM.Collect$$libshutdown$$00000009)
    .ARM.Collect$$libshutdown$$0000000B      0x000000c8   Section        0  libshutdown2.o(.ARM.Collect$$libshutdown$$0000000B)
    .ARM.Collect$$libshutdown$$0000000E      0x000000c8   Section        0  libshutdown2.o(.ARM.Collect$$libshutdown$$0000000E)
    .ARM.Collect$$libshutdown$$0000000F      0x000000c8   Section        6  libshutdown2.o(.ARM.Collect$$libshutdown$$0000000F)
    .ARM.Collect$$rtentry$$00000000          0x000000d0   Section        0  rtentry.o(.ARM.Collect$$rtentry$$00000000)
    .ARM.Collect$$rtentry$$00000002          0x000000d0   Section        0  rtentry2.o(.ARM.Collect$$rtentry$$00000002)
    .ARM.Collect$$rtentry$$00000004          0x000000d0   Section        8  rtentry4.o(.ARM.Collect$$rtentry$$00000004)
    .ARM.Collect$$rtentry$$00000009          0x000000d8   Section        0  rtentry2.o(.ARM.Collect$$rtentry$$00000009)
    .ARM.Collect$$rtentry$$0000000A          0x000000d8   Section        4  rtentry2.o(.ARM.Collect$$rtentry$$0000000A)
    .ARM.Collect$$rtentry$$0000000C          0x000000dc   Section        0  rtentry2.o(.ARM.Collect$$rtentry$$0000000C)
    .ARM.Collect$$rtentry$$0000000D          0x000000dc   Section       40  rtentry2.o(.ARM.Collect$$rtentry$$0000000D)
    .ARM.Collect$$rtexit$$00000000           0x00000108   Section        4  rtexit.o(.ARM.Collect$$rtexit$$00000000)
    .ARM.Collect$$rtexit$$00000002           0x0000010c   Section        0  rtexit2.o(.ARM.Collect$$rtexit$$00000002)
    .ARM.Collect$$rtexit$$00000003           0x0000010c   Section        4  rtexit2.o(.ARM.Collect$$rtexit$$00000003)
    .ARM.Collect$$rtexit$$00000004           0x00000110   Section        8  rtexit2.o(.ARM.Collect$$rtexit$$00000004)
    .emb_text                                0x00000118   Section        0  maybetermalloc1.o(.emb_text)
    .text                                    0x00000118   Section       36  startup.o(.text)
    .text                                    0x0000013c   Section        0  keyboard.o(.text)
    .text                                    0x000001c4   Section        0  main.o(.text)
    __sti___8_main_cpp                       0x000002a4   ARM Code      20  main.o(.text)
    .text                                    0x000002c8   Section        0  led.o(.text)
    .text                                    0x00000388   Section        0  stepper.o(.text)
    .text                                    0x00000438   Section        0  ledinv.o(.text)
    .text                                    0x000004cc   Section        0  heapauxi.o(.text)
    .text                                    0x000004d4   Section        0  init_aeabi.o(.text)
    .text                                    0x00000500   Section       12  rt_new_handler_addr_intlibspace.o(.text)
    .text                                    0x0000050c   Section        0  h1_alloc.o(.text)
    .text                                    0x0000057a   Section        0  arm_newhandler_noexceptions.o(.text)
    .text                                    0x00000588   Section       12  libspace.o(.text)
    .text                                    0x00000598   Section       12  rt_heap_descriptor_intlibspace.o(.text)
    .text                                    0x000005a4   Section        0  hguard.o(.text)
    .text                                    0x000005a8   Section        0  init_alloc.o(.text)
    .text                                    0x0000063c   Section        0  h1_init.o(.text)
    .text                                    0x0000064a   Section        0  h1_free.o(.text)
    .text                                    0x0000069e   Section        0  arm_exceptions_terminate.o(.text)
    .text                                    0x000006c0   Section       96  sys_stackheap_outer.o(.text)
    .text                                    0x00000720   Section        0  h1_extend.o(.text)
    .text                                    0x00000758   Section        0  exit.o(.text)
    .text                                    0x00000764   Section        0  abort.o(.text)
    .text                                    0x00000774   Section        0  defsig_rtmem_outer.o(.text)
    .text                                    0x00000784   Section        0  arm_exceptions_globs.o(.text)
    __default_terminate_handler()            0x00000785   Thumb Code     6  arm_exceptions_globs.o(.text)
    .text                                    0x000007e4   Section        0  sys_exit.o(.text)
    .text                                    0x000007f0   Section        4  use_no_semi.o(.text)
    .text                                    0x000007f4   Section        0  indicate_semi.o(.text)
    .text                                    0x000007f8   Section       12  rt_eh_globals_addr_intlibspace.o(.text)
    .text                                    0x00000804   Section        0  defsig_exit.o(.text)
    .text                                    0x00000814   Section        0  defsig_abrt_outer.o(.text)
    .text                                    0x00000824   Section        0  defsig_rtmem_inner.o(.text)
    .text                                    0x00000878   Section        0  arm_exceptions_mem.o(.text)
    .text                                    0x000008be   Section        0  defsig_general.o(.text)
    .text                                    0x000008f8   Section        0  defsig_abrt_inner.o(.text)
    .text                                    0x0000092c   Section        0  sys_wrch.o(.text)
    i._Znwj                                  0x00000944   Section        0  new.o(i._Znwj)
    i.__ARM_common_call_via_r0               0x00000974   Section        0  init_aeabi.o(i.__ARM_common_call_via_r0)
    i.__ARM_common_call_via_r1               0x00000976   Section        0  arm_exceptions_terminate.o(i.__ARM_common_call_via_r1)
    .constdata__ZTV3Led                      0x00000978   Section       12  led.o(.constdata__ZTV3Led)
    .constdata__ZTV6LedInv                   0x00000984   Section       12  ledinv.o(.constdata__ZTV6LedInv)
    .init_array                              0x000009b0   Section        4  main.o(.init_array)
    .data                                    0x40000000   Section       12  main.o(.data)
    .bss                                     0x4000000c   Section       96  libspace.o(.bss)
    HEAP                                     0x40000070   Section      256  startup.o(HEAP)
    Heap_Mem                                 0x40000070   Data         256  startup.o(HEAP)
    STACK                                    0x40000170   Section     1160  startup.o(STACK)
    Stack_Mem                                0x40000170   Data        1024  startup.o(STACK)
    Stack_Top                                0x400005f8   Data           0  startup.o(STACK)

    Global Symbols

    Symbol Name                              Value     Ov Type        Size  Object(Section)

    BuildAttributes$$THM_ISAv1$ARM_ISAv4$S$PE$A:L22$X:L11$S22$IEEE1$IW$USESV6$~STKCKD$USESV7$~SHL$OTIME$ROPI$EBA8$UX$STANDARDLIB$REQ8$PRES8$EABIv2 0x00000000   Number         0  anon$$obj.o ABSOLUTE
    __ARM_use_no_argv                        0x00000000   Number         0  main.o ABSOLUTE
    __main                                   0x00000000   ARM Code       8  __main.o(!!!main)
    SHT$$ARM_EXIDX$$Base                      - Undefined Reference
    SHT$$ARM_EXIDX$$Limit                     - Undefined Reference
    __ARM::default_unexpected_handler()       - Undefined Weak Reference
    __ARM_exceptions_buffer_required          - Undefined Weak Reference
    __ARM_exceptions_init                     - Undefined Weak Reference
    __aeabi_unwind_cpp_pr1                    - Undefined Weak Reference
    __aeabi_unwind_cpp_pr2                    - Undefined Weak Reference
    __alloca_initialize                       - Undefined Weak Reference
    __cxa_begin_cleanup                       - Undefined Weak Reference
    __cxa_finalize                            - Undefined Weak Reference
    __cxa_type_match                          - Undefined Weak Reference
    __rt_locale                               - Undefined Weak Reference
    __sigvec_lookup                           - Undefined Weak Reference
    __user_heap_extent                        - Undefined Weak Reference
    _atexit_init                              - Undefined Weak Reference
    _call_atexit_fns                          - Undefined Weak Reference
    _clock_init                               - Undefined Weak Reference
    _fp_trap_init                             - Undefined Weak Reference
    _fp_trap_shutdown                         - Undefined Weak Reference
    _get_lc_collate                           - Undefined Weak Reference
    _get_lc_ctype                             - Undefined Weak Reference
    _get_lc_monetary                          - Undefined Weak Reference
    _get_lc_numeric                           - Undefined Weak Reference
    _get_lc_time                              - Undefined Weak Reference
    _getenv_init                              - Undefined Weak Reference
    _handle_redirection                       - Undefined Weak Reference
    _initio                                   - Undefined Weak Reference
    _mutex_acquire                            - Undefined Weak Reference
    _mutex_free                               - Undefined Weak Reference
    _mutex_release                            - Undefined Weak Reference
    _rand_init                                - Undefined Weak Reference
    _signal_finish                            - Undefined Weak Reference
    _signal_init                              - Undefined Weak Reference
    _terminateio                              - Undefined Weak Reference
    __scatterload                            0x00000008   ARM Code       0  __scatter.o(!!!scatter)
    __scatterload_rt2                        0x00000008   ARM Code      52  __scatter.o(!!!scatter)
    __scatterload_null                       0x0000001c   ARM Code       0  __scatter.o(!!!scatter)
    __scatterload_copy                       0x00000044   ARM Code      40  __scatter_copy.o(!!handler_copy)
    __scatterload_zeroinit                   0x0000006c   ARM Code      44  __scatter_zi.o(!!handler_zi)
    Inline ARM to Thumb Veneer to __rt_lib_init 0x00000098   ARM Code       8  libinit.o(.ARM.Collect$$libinit$$00000000)
    __rt_lib_init                            0x000000a1   Thumb Code     0  libinit.o(.ARM.Collect$$libinit$$00000000)
    __rt_lib_init_fp_1                       0x000000a3   Thumb Code     0  libinit2.o(.ARM.Collect$$libinit$$00000002)
    __rt_lib_init_heap_2                     0x000000a3   Thumb Code     0  libinit2.o(.ARM.Collect$$libinit$$00000003)
    __rt_lib_init_alloca_1                   0x000000ab   Thumb Code     0  libinit2.o(.ARM.Collect$$libinit$$0000002C)
    __rt_lib_init_argv_1                     0x000000ab   Thumb Code     0  libinit2.o(.ARM.Collect$$libinit$$0000002A)
    __rt_lib_init_atexit_1                   0x000000ab   Thumb Code     0  libinit2.o(.ARM.Collect$$libinit$$00000019)
    __rt_lib_init_clock_1                    0x000000ab   Thumb Code     0  libinit2.o(.ARM.Collect$$libinit$$0000001F)
    __rt_lib_init_cpp_2                      0x000000ab   Thumb Code     0  libinit2.o(.ARM.Collect$$libinit$$0000002F)
    __rt_lib_init_exceptions_1               0x000000ab   Thumb Code     0  libinit2.o(.ARM.Collect$$libinit$$0000002E)
    __rt_lib_init_fp_trap_1                  0x000000ab   Thumb Code     0  libinit2.o(.ARM.Collect$$libinit$$0000001D)
    __rt_lib_init_getenv_1                   0x000000ab   Thumb Code     0  libinit2.o(.ARM.Collect$$libinit$$00000021)
    __rt_lib_init_heap_1                     0x000000ab   Thumb Code     0  libinit2.o(.ARM.Collect$$libinit$$00000008)
    __rt_lib_init_lc_collate_1               0x000000ab   Thumb Code     0  libinit2.o(.ARM.Collect$$libinit$$0000000F)
    __rt_lib_init_lc_ctype_1                 0x000000ab   Thumb Code     0  libinit2.o(.ARM.Collect$$libinit$$00000011)
    __rt_lib_init_lc_monetary_1              0x000000ab   Thumb Code     0  libinit2.o(.ARM.Collect$$libinit$$00000013)
    __rt_lib_init_lc_numeric_1               0x000000ab   Thumb Code     0  libinit2.o(.ARM.Collect$$libinit$$00000015)
    __rt_lib_init_lc_time_1                  0x000000ab   Thumb Code     0  libinit2.o(.ARM.Collect$$libinit$$00000017)
    __rt_lib_init_rand_1                     0x000000ab   Thumb Code     0  libinit2.o(.ARM.Collect$$libinit$$0000000C)
    __rt_lib_init_signal_1                   0x000000ab   Thumb Code     0  libinit2.o(.ARM.Collect$$libinit$$0000001B)
    __rt_lib_init_stdio_1                    0x000000ab   Thumb Code     0  libinit2.o(.ARM.Collect$$libinit$$00000023)
    __rt_lib_init_user_alloc_1               0x000000ab   Thumb Code     0  libinit2.o(.ARM.Collect$$libinit$$0000000A)
    __rt_lib_init_cpp_1                      0x000000af   Thumb Code     0  libinit2.o(.ARM.Collect$$libinit$$00000030)
    __rt_lib_init_return                     0x000000af   Thumb Code     0  libinit2.o(.ARM.Collect$$libinit$$00000031)
    Inline ARM to Thumb Veneer to __rt_lib_shutdown 0x000000bc   ARM Code       8  libshutdown.o(.ARM.Collect$$libshutdown$$00000000)
    __rt_lib_shutdown                        0x000000c5   Thumb Code     0  libshutdown.o(.ARM.Collect$$libshutdown$$00000000)
    __rt_lib_shutdown_fp_trap_1              0x000000c9   Thumb Code     0  libshutdown2.o(.ARM.Collect$$libshutdown$$00000006)
    __rt_lib_shutdown_heap_1                 0x000000c9   Thumb Code     0  libshutdown2.o(.ARM.Collect$$libshutdown$$0000000E)
    __rt_lib_shutdown_return                 0x000000c9   Thumb Code     0  libshutdown2.o(.ARM.Collect$$libshutdown$$0000000F)
    __rt_lib_shutdown_signal_1               0x000000c9   Thumb Code     0  libshutdown2.o(.ARM.Collect$$libshutdown$$00000009)
    __rt_lib_shutdown_stdio_1                0x000000c9   Thumb Code     0  libshutdown2.o(.ARM.Collect$$libshutdown$$00000003)
    __rt_lib_shutdown_user_alloc_1           0x000000c9   Thumb Code     0  libshutdown2.o(.ARM.Collect$$libshutdown$$0000000B)
    __rt_entry                               0x000000d0   ARM Code       0  rtentry.o(.ARM.Collect$$rtentry$$00000000)
    __rt_entry_presh_1                       0x000000d0   ARM Code       0  rtentry2.o(.ARM.Collect$$rtentry$$00000002)
    __rt_entry_sh                            0x000000d0   ARM Code       0  rtentry4.o(.ARM.Collect$$rtentry$$00000004)
    __rt_entry_li                            0x000000d8   ARM Code       0  rtentry2.o(.ARM.Collect$$rtentry$$0000000A)
    __rt_entry_postsh_1                      0x000000d8   ARM Code       0  rtentry2.o(.ARM.Collect$$rtentry$$00000009)
    __rt_entry_main                          0x000000dc   ARM Code       0  rtentry2.o(.ARM.Collect$$rtentry$$0000000D)
    __rt_entry_postli_1                      0x000000dc   ARM Code       0  rtentry2.o(.ARM.Collect$$rtentry$$0000000C)
    Inline Thumb to ARM Veneer to __rt_exit  0x00000105   Thumb Code     4  rtexit.o(.ARM.Collect$$rtexit$$00000000)
    __rt_exit                                0x00000108   ARM Code       0  rtexit.o(.ARM.Collect$$rtexit$$00000000)
    __rt_exit_ls                             0x0000010c   ARM Code       0  rtexit2.o(.ARM.Collect$$rtexit$$00000003)
    __rt_exit_prels_1                        0x0000010c   ARM Code       0  rtexit2.o(.ARM.Collect$$rtexit$$00000002)
    __rt_exit_exit                           0x00000110   ARM Code       0  rtexit2.o(.ARM.Collect$$rtexit$$00000004)
    __user_initial_stackheap                 0x00000118   ARM Code       0  startup.o(.text)
    _maybe_terminate_alloc                   0x00000119   Thumb Code     0  maybetermalloc1.o(.emb_text)
    Keyboard::Keyboard()                     0x0000013c   ARM Code      24  keyboard.o(.text)
    Keyboard::Keyboard__sub_object()         0x0000013c   ARM Code       0  keyboard.o(.text)
    Keyboard::eRead()                        0x00000154   ARM Code     108  keyboard.o(.text)
    Delay(int)                               0x000001c4   ARM Code      32  main.o(.text)
    main                                     0x000001e4   ARM Code     192  main.o(.text)
    Led::Led()                               0x000002c8   ARM Code      40  led.o(.text)
    Led::Led__sub_object()                   0x000002c8   ARM Code       0  led.o(.text)
    Led::On(unsigned char)                   0x000002f0   ARM Code     144  led.o(.text)
    Stepper::Step(Step)                      0x00000388   ARM Code     112  stepper.o(.text)
    Stepper::StepRight()                     0x000003f8   ARM Code      28  stepper.o(.text)
    Stepper::StepLeft()                      0x00000414   ARM Code      28  stepper.o(.text)
    Stepper::SetLed(Led*)                    0x00000430   ARM Code       8  stepper.o(.text)
    LedInv::On(unsigned char)                0x00000438   ARM Code     144  ledinv.o(.text)
    __use_two_region_memory                  0x000004cd   Thumb Code     2  heapauxi.o(.text)
    __rt_heap_escrow                         0x000004cf   Thumb Code     2  heapauxi.o(.text)
    __rt_heap_expand                         0x000004d1   Thumb Code     2  heapauxi.o(.text)
    __cpp_initialize__aeabi_                 0x000004d5   Thumb Code    32  init_aeabi.o(.text)
    Inline Thumb to ARM Veneer to __rt_new_handler_addr 0x000004fd   Thumb Code     4  rt_new_handler_addr_intlibspace.o(.text)
    __rt_new_handler_addr                    0x00000500   ARM Code      12  rt_new_handler_addr_intlibspace.o(.text)
    malloc                                   0x0000050d   Thumb Code   110  h1_alloc.o(.text)
    __default_new_handler()                  0x0000057b   Thumb Code    12  arm_newhandler_noexceptions.o(.text)
    __user_libspace                          0x00000588   ARM Code      12  libspace.o(.text)
    __user_perproc_libspace                  0x00000588   ARM Code       0  libspace.o(.text)
    __user_perthread_libspace                0x00000588   ARM Code       0  libspace.o(.text)
    Inline Thumb to ARM Veneer to __rt_heap_descriptor 0x00000595   Thumb Code     4  rt_heap_descriptor_intlibspace.o(.text)
    __rt_heap_descriptor                     0x00000598   ARM Code      12  rt_heap_descriptor_intlibspace.o(.text)
    __use_no_heap                            0x000005a5   Thumb Code     2  hguard.o(.text)
    __heap$guard                             0x000005a7   Thumb Code     2  hguard.o(.text)
    _terminate_user_alloc                    0x000005a9   Thumb Code     2  init_alloc.o(.text)
    _init_user_alloc                         0x000005ab   Thumb Code     2  init_alloc.o(.text)
    __Heap_Full                              0x000005ad   Thumb Code    36  init_alloc.o(.text)
    __Heap_Broken                            0x000005d1   Thumb Code    14  init_alloc.o(.text)
    _init_alloc                              0x000005df   Thumb Code    94  init_alloc.o(.text)
    __Heap_Initialize                        0x0000063d   Thumb Code    10  h1_init.o(.text)
    __Heap_DescSize                          0x00000647   Thumb Code     4  h1_init.o(.text)
    free                                     0x0000064b   Thumb Code    84  h1_free.o(.text)
    std::terminate()                         0x0000069f   Thumb Code    32  arm_exceptions_terminate.o(.text)
    __user_setup_stackheap                   0x000006c0   ARM Code      96  sys_stackheap_outer.o(.text)
    __Heap_ProvideMemory                     0x00000721   Thumb Code    56  h1_extend.o(.text)
    exit                                     0x00000759   Thumb Code    12  exit.o(.text)
    abort                                    0x00000765   Thumb Code    16  abort.o(.text)
    __rt_SIGRTMEM                            0x00000775   Thumb Code    16  defsig_rtmem_outer.o(.text)
    __cxa_get_globals                        0x0000078b   Thumb Code    70  arm_exceptions_globs.o(.text)
    Inline ARM to Thumb Veneer to _sys_exit  0x000007dc   ARM Code       8  sys_exit.o(.text)
    _sys_exit                                0x000007e5   Thumb Code     8  sys_exit.o(.text)
    __I$use$semihosting                      0x000007f0   ARM Code       0  use_no_semi.o(.text)
    __use_no_semihosting_swi                 0x000007f0   ARM Code       4  use_no_semi.o(.text)
    Inline Thumb to ARM Veneer to __rt_eh_globals_addr 0x000007f5   Thumb Code     4  rt_eh_globals_addr_intlibspace.o(.text)
    __semihosting_library_function           0x000007f4   ARM Code       0  indicate_semi.o(.text)
    __rt_eh_globals_addr                     0x000007f8   ARM Code      12  rt_eh_globals_addr_intlibspace.o(.text)
    __sig_exit                               0x00000805   Thumb Code    16  defsig_exit.o(.text)
    __rt_SIGABRT                             0x00000815   Thumb Code    16  defsig_abrt_outer.o(.text)
    __rt_SIGRTMEM_inner                      0x00000825   Thumb Code    26  defsig_rtmem_inner.o(.text)
    __ARM_exceptions_buffer_init             0x00000879   Thumb Code    22  arm_exceptions_mem.o(.text)
    __ARM_exceptions_buffer_allocate         0x0000088f   Thumb Code    26  arm_exceptions_mem.o(.text)
    __ARM_exceptions_buffer_free             0x000008a9   Thumb Code    22  arm_exceptions_mem.o(.text)
    __default_signal_display                 0x000008bf   Thumb Code    56  defsig_general.o(.text)
    __rt_SIGABRT_inner                       0x000008f9   Thumb Code    18  defsig_abrt_inner.o(.text)
    _ttywrch                                 0x0000092d   Thumb Code    16  sys_wrch.o(.text)
    Inline ARM to Thumb Veneer to operator new(unsigned) 0x0000093c   ARM Code       8  new.o(i._Znwj)
    operator new(unsigned)                   0x00000945   Thumb Code    42  new.o(i._Znwj)
    __ARM_common_call_via_r0                 0x00000975   Thumb Code     2  init_aeabi.o(i.__ARM_common_call_via_r0)
    __ARM_common_call_via_r1                 0x00000977   Thumb Code     2  arm_exceptions_terminate.o(i.__ARM_common_call_via_r1)
    vtable for Led                           0x00000978   Data          12  led.o(.constdata__ZTV3Led)
    vtable for LedInv                        0x00000984   Data          12  ledinv.o(.constdata__ZTV6LedInv)
    Region$$Table$$Base                      0x00000990   Number         0  anon$$obj.o(Region$$Table)
    Region$$Table$$Limit                     0x000009b0   Number         0  anon$$obj.o(Region$$Table)
    SHT$$INIT_ARRAY$$Base                    0x000009b0   Number         0  main.o(.init_array)
    SHT$$INIT_ARRAY$$Limit                   0x000009b4   Number         0  main.o(.init_array)
    MyKeyboard                               0x40000000   Data           1  main.o(.data)
    MyStepper                                0x40000004   Data           8  main.o(.data)
    __libspace_start                         0x4000000c   Data          96  libspace.o(.bss)
    __temporary_stack_top$libspace           0x4000006c   Data           0  libspace.o(.bss)



==============================================================================

Memory Map of the image

  Image Entry point : 0x00000000

  Load Region LR_1 (Base: 0x00000000, Size: 0x000009c0, Max: 0xffffffff, ABSOLUTE)

    Execution Region ER_RO (Base: 0x00000000, Size: 0x000009b4, Max: 0xffffffff, ABSOLUTE)

    Base Addr    Size         Type   Attr      Idx    E Section Name        Object

    0x00000000   0x00000008   Code   RO          112  * !!!main             c_t.l(__main.o)
    0x00000008   0x0000003c   Code   RO          606    !!!scatter          c_t.l(__scatter.o)
    0x00000044   0x00000028   Code   RO          608    !!handler_copy      c_t.l(__scatter_copy.o)
    0x0000006c   0x0000002c   Code   RO          610    !!handler_zi        c_t.l(__scatter_zi.o)
    0x00000098   0x00000008   Ven    RO          499    .ARM.Collect$$libinit$$00000000  c_t.l(libinit.o)
    0x000000a0   0x00000002   Code   RO          499    .ARM.Collect$$libinit$$00000000  c_t.l(libinit.o)
    0x000000a2   0x00000000   Code   RO          294    .ARM.Collect$$libinit$$00000002  c_t.l(libinit2.o)
    0x000000a2   0x00000008   Code   RO          295    .ARM.Collect$$libinit$$00000003  c_t.l(libinit2.o)
    0x000000aa   0x00000000   Code   RO          297    .ARM.Collect$$libinit$$00000008  c_t.l(libinit2.o)
    0x000000aa   0x00000000   Code   RO          299    .ARM.Collect$$libinit$$0000000A  c_t.l(libinit2.o)
    0x000000aa   0x00000000   Code   RO          301    .ARM.Collect$$libinit$$0000000C  c_t.l(libinit2.o)
    0x000000aa   0x00000000   Code   RO          304    .ARM.Collect$$libinit$$0000000F  c_t.l(libinit2.o)
    0x000000aa   0x00000000   Code   RO          306    .ARM.Collect$$libinit$$00000011  c_t.l(libinit2.o)
    0x000000aa   0x00000000   Code   RO          308    .ARM.Collect$$libinit$$00000013  c_t.l(libinit2.o)
    0x000000aa   0x00000000   Code   RO          310    .ARM.Collect$$libinit$$00000015  c_t.l(libinit2.o)
    0x000000aa   0x00000000   Code   RO          312    .ARM.Collect$$libinit$$00000017  c_t.l(libinit2.o)
    0x000000aa   0x00000000   Code   RO          314    .ARM.Collect$$libinit$$00000019  c_t.l(libinit2.o)
    0x000000aa   0x00000000   Code   RO          316    .ARM.Collect$$libinit$$0000001B  c_t.l(libinit2.o)
    0x000000aa   0x00000000   Code   RO          318    .ARM.Collect$$libinit$$0000001D  c_t.l(libinit2.o)
    0x000000aa   0x00000000   Code   RO          320    .ARM.Collect$$libinit$$0000001F  c_t.l(libinit2.o)
    0x000000aa   0x00000000   Code   RO          322    .ARM.Collect$$libinit$$00000021  c_t.l(libinit2.o)
    0x000000aa   0x00000000   Code   RO          324    .ARM.Collect$$libinit$$00000023  c_t.l(libinit2.o)
    0x000000aa   0x00000000   Code   RO          328    .ARM.Collect$$libinit$$0000002A  c_t.l(libinit2.o)
    0x000000aa   0x00000000   Code   RO          330    .ARM.Collect$$libinit$$0000002C  c_t.l(libinit2.o)
    0x000000aa   0x00000000   Code   RO          332    .ARM.Collect$$libinit$$0000002E  c_t.l(libinit2.o)
    0x000000aa   0x00000004   Code   RO          333    .ARM.Collect$$libinit$$0000002F  c_t.l(libinit2.o)
    0x000000ae   0x00000000   Code   RO          334    .ARM.Collect$$libinit$$00000030  c_t.l(libinit2.o)
    0x000000ae   0x0000000c   Code   RO          335    .ARM.Collect$$libinit$$00000031  c_t.l(libinit2.o)
    0x000000ba   0x00000002   PAD
    0x000000bc   0x00000008   Ven    RO          591    .ARM.Collect$$libshutdown$$00000000  c_t.l(libshutdown.o)
    0x000000c4   0x00000004   Code   RO          591    .ARM.Collect$$libshutdown$$00000000  c_t.l(libshutdown.o)
    0x000000c8   0x00000000   Code   RO          570    .ARM.Collect$$libshutdown$$00000003  c_t.l(libshutdown2.o)
    0x000000c8   0x00000000   Code   RO          573    .ARM.Collect$$libshutdown$$00000006  c_t.l(libshutdown2.o)
    0x000000c8   0x00000000   Code   RO          576    .ARM.Collect$$libshutdown$$00000009  c_t.l(libshutdown2.o)
    0x000000c8   0x00000000   Code   RO          578    .ARM.Collect$$libshutdown$$0000000B  c_t.l(libshutdown2.o)
    0x000000c8   0x00000000   Code   RO          581    .ARM.Collect$$libshutdown$$0000000E  c_t.l(libshutdown2.o)
    0x000000c8   0x00000006   Code   RO          582    .ARM.Collect$$libshutdown$$0000000F  c_t.l(libshutdown2.o)
    0x000000ce   0x00000002   PAD
    0x000000d0   0x00000000   Code   RO          227    .ARM.Collect$$rtentry$$00000000  c_t.l(rtentry.o)
    0x000000d0   0x00000000   Code   RO          370    .ARM.Collect$$rtentry$$00000002  c_t.l(rtentry2.o)
    0x000000d0   0x00000008   Code   RO          382    .ARM.Collect$$rtentry$$00000004  c_t.l(rtentry4.o)
    0x000000d8   0x00000000   Code   RO          372    .ARM.Collect$$rtentry$$00000009  c_t.l(rtentry2.o)
    0x000000d8   0x00000004   Code   RO          373    .ARM.Collect$$rtentry$$0000000A  c_t.l(rtentry2.o)
    0x000000dc   0x00000000   Code   RO          375    .ARM.Collect$$rtentry$$0000000C  c_t.l(rtentry2.o)
    0x000000dc   0x00000028   Code   RO          376    .ARM.Collect$$rtentry$$0000000D  c_t.l(rtentry2.o)
    0x00000104   0x00000004   Ven    RO          519    .ARM.Collect$$rtexit$$00000000  c_t.l(rtexit.o)
    0x00000108   0x00000004   Code   RO          519    .ARM.Collect$$rtexit$$00000000  c_t.l(rtexit.o)
    0x0000010c   0x00000000   Code   RO          548    .ARM.Collect$$rtexit$$00000002  c_t.l(rtexit2.o)
    0x0000010c   0x00000004   Code   RO          549    .ARM.Collect$$rtexit$$00000003  c_t.l(rtexit2.o)
    0x00000110   0x00000008   Code   RO          550    .ARM.Collect$$rtexit$$00000004  c_t.l(rtexit2.o)
    0x00000118   0x00000000   Code   RO          473    .emb_text           c_t.l(maybetermalloc1.o)
    0x00000118   0x00000024   Code   RO            4    .text               startup.o
    0x0000013c   0x00000088   Code   RO           11    .text               keyboard.o
    0x000001c4   0x00000104   Code   RO           30    .text               main.o
    0x000002c8   0x000000c0   Code   RO           59    .text               led.o
    0x00000388   0x000000b0   Code   RO           75    .text               stepper.o
    0x00000438   0x00000094   Code   RO           92    .text               ledinv.o
    0x000004cc   0x00000006   Code   RO          110    .text               c_t.l(heapauxi.o)
    0x000004d2   0x00000002   PAD
    0x000004d4   0x00000028   Code   RO          117    .text               c_t.l(init_aeabi.o)
    0x000004fc   0x00000004   Ven    RO          231    .text               c_t.l(rt_new_handler_addr_intlibspace.o)
    0x00000500   0x0000000c   Code   RO          231    .text               c_t.l(rt_new_handler_addr_intlibspace.o)
    0x0000050c   0x0000006e   Code   RO          235    .text               c_t.l(h1_alloc.o)
    0x0000057a   0x0000000c   Code   RO          341    .text               cpprt_t.l(arm_newhandler_noexceptions.o)
    0x00000586   0x00000002   PAD
    0x00000588   0x0000000c   Code   RO          364    .text               c_t.l(libspace.o)
    0x00000594   0x00000004   Ven    RO          387    .text               c_t.l(rt_heap_descriptor_intlibspace.o)
    0x00000598   0x0000000c   Code   RO          387    .text               c_t.l(rt_heap_descriptor_intlibspace.o)
    0x000005a4   0x00000004   Code   RO          389    .text               c_t.l(hguard.o)
    0x000005a8   0x00000094   Code   RO          391    .text               c_t.l(init_alloc.o)
    0x0000063c   0x0000000e   Code   RO          397    .text               c_t.l(h1_init.o)
    0x0000064a   0x00000054   Code   RO          399    .text               c_t.l(h1_free.o)
    0x0000069e   0x00000020   Code   RO          442    .text               cpprt_t.l(arm_exceptions_terminate.o)
    0x000006be   0x00000002   PAD
    0x000006c0   0x00000060   Code   RO          465    .text               c_t.l(sys_stackheap_outer.o)
    0x00000720   0x00000038   Code   RO          475    .text               c_t.l(h1_extend.o)
    0x00000758   0x0000000c   Code   RO          479    .text               c_t.l(exit.o)
    0x00000764   0x00000010   Code   RO          481    .text               c_t.l(abort.o)
    0x00000774   0x00000010   Code   RO          483    .text               c_t.l(defsig_rtmem_outer.o)
    0x00000784   0x00000058   Code   RO          508    .text               cpprt_t.l(arm_exceptions_globs.o)
    0x000007dc   0x00000008   Ven    RO          514    .text               c_t.l(sys_exit.o)
    0x000007e4   0x0000000c   Code   RO          514    .text               c_t.l(sys_exit.o)
    0x000007f0   0x00000004   Code   RO          516    .text               c_t.l(use_no_semi.o)
    0x000007f4   0x00000000   Code   RO          518    .text               c_t.l(indicate_semi.o)
    0x000007f4   0x00000004   Ven    RO          528    .text               c_t.l(rt_eh_globals_addr_intlibspace.o)
    0x000007f8   0x0000000c   Code   RO          528    .text               c_t.l(rt_eh_globals_addr_intlibspace.o)
    0x00000804   0x00000010   Code   RO          536    .text               c_t.l(defsig_exit.o)
    0x00000814   0x00000010   Code   RO          538    .text               c_t.l(defsig_abrt_outer.o)
    0x00000824   0x00000054   Code   RO          542    .text               c_t.l(defsig_rtmem_inner.o)
    0x00000878   0x00000046   Code   RO          544    .text               cpprt_t.l(arm_exceptions_mem.o)
    0x000008be   0x00000038   Code   RO          560    .text               c_t.l(defsig_general.o)
    0x000008f6   0x00000002   PAD
    0x000008f8   0x00000034   Code   RO          562    .text               c_t.l(defsig_abrt_inner.o)
    0x0000092c   0x00000010   Code   RO          583    .text               c_t.l(sys_wrch.o)
    0x0000093c   0x00000008   Ven    RO          123    i._Znwj             cpprt_t.l(new.o)
    0x00000944   0x00000030   Code   RO          123    i._Znwj             cpprt_t.l(new.o)
    0x00000974   0x00000002   Code   RO          120    i.__ARM_common_call_via_r0  c_t.l(init_aeabi.o)
    0x00000976   0x00000002   Code   RO          445    i.__ARM_common_call_via_r1  cpprt_t.l(arm_exceptions_terminate.o)
    0x00000978   0x0000000c   Data   RO           69    .constdata__ZTV3Led  led.o
    0x00000984   0x0000000c   Data   RO          102    .constdata__ZTV6LedInv  ledinv.o
    0x00000990   0x00000020   Data   RO          604    Region$$Table       anon$$obj.o
    0x000009b0   0x00000004   Data   RO           33    .init_array         main.o


    Execution Region ER_RW (Base: 0x40000000, Size: 0x0000000c, Max: 0xffffffff, ABSOLUTE)

    Base Addr    Size         Type   Attr      Idx    E Section Name        Object

    0x40000000   0x0000000c   Data   RW           32    .data               main.o


    Execution Region ER_ZI (Base: 0x4000000c, Size: 0x000005ec, Max: 0xffffffff, ABSOLUTE)

    Base Addr    Size         Type   Attr      Idx    E Section Name        Object

    0x4000000c   0x00000060   Zero   RW          365    .bss                c_t.l(libspace.o)
    0x4000006c   0x00000004   PAD
    0x40000070   0x00000100   Zero   RW            2    HEAP                startup.o
    0x40000170   0x00000488   Zero   RW            1    STACK               startup.o


==============================================================================

Image component sizes


      Code (inc. data)   RO Data    RW Data    ZI Data      Debug   Object Name

       136          4          0          0          0       4008   keyboard.o
       192          8         12          0          0        628   led.o
       148          4         12          0          0        444   ledinv.o
       260         16          4         12          0       2948   main.o
        36         16          0          0       1416        200   startup.o
       176          0          0          0          0       2294   stepper.o

    ----------------------------------------------------------------------
       948         48         60         12       1416      10522   Object Totals
         0          0         32          0          0          0   (incl. Generated)
         0          0          0          0          0          0   (incl. Padding)

    ----------------------------------------------------------------------

      Code (inc. data)   RO Data    RW Data    ZI Data      Debug   Library Member Name

         8          0          0          0          0         68   __main.o
        60          8          0          0          0          0   __scatter.o
        40          0          0          0          0          0   __scatter_copy.o
        44          0          0          0          0          0   __scatter_zi.o
        16          0          0          0          0         64   abort.o
        52         34          0          0          0         80   defsig_abrt_inner.o
        16          0          0          0          0         80   defsig_abrt_outer.o
        16          0          0          0          0         80   defsig_exit.o
        56          0          0          0          0         84   defsig_general.o
        84         58          0          0          0         80   defsig_rtmem_inner.o
        16          0          0          0          0         80   defsig_rtmem_outer.o
        12          0          0          0          0         64   exit.o
       110          0          0          0          0        116   h1_alloc.o
        56          0          0          0          0         80   h1_extend.o
        84          0          0          0          0        100   h1_free.o
        14          0          0          0          0         76   h1_init.o
         6          0          0          0          0        136   heapauxi.o
         4          0          0          0          0        120   hguard.o
         0          0          0          0          0          0   indicate_semi.o
        42          8          0          0          0        144   init_aeabi.o
       148          0          0          0          0        192   init_alloc.o
        10          0          0          0          0          0   libinit.o
        24          0          0          0          0          0   libinit2.o
        12          0          0          0          0          0   libshutdown.o
         6          0          0          0          0          0   libshutdown2.o
        12          4          0          0         96         68   libspace.o
         0          0          0          0          0          0   maybetermalloc1.o
        16          4          0          0          0         68   rt_eh_globals_addr_intlibspace.o
        16          4          0          0          0         68   rt_heap_descriptor_intlibspace.o
        16          4          0          0          0         68   rt_new_handler_addr_intlibspace.o
         0          0          0          0          0          0   rtentry.o
        44          4          0          0          0          0   rtentry2.o
         8          0          0          0          0          0   rtentry4.o
         8          0          0          0          0          0   rtexit.o
        12          0          0          0          0          0   rtexit2.o
        20          4          0          0          0         60   sys_exit.o
        96          0          0          0          0         80   sys_stackheap_outer.o
        16          0          0          0          0         76   sys_wrch.o
         4          0          0          0          0         68   use_no_semi.o
        88         12          0          0          0        112   arm_exceptions_globs.o
        70          0          0          0          0        112   arm_exceptions_mem.o
        34          0          0          0          0        128   arm_exceptions_terminate.o
        12          0          0          0          0         80   arm_newhandler_noexceptions.o
        56          6          0          0          0         80   new.o

    ----------------------------------------------------------------------
      1476        150          0          0        100       2712   Library Totals
        12          0          0          0          4          0   (incl. Padding)

    ----------------------------------------------------------------------

      Code (inc. data)   RO Data    RW Data    ZI Data      Debug   Library Name

      1204        132          0          0         96       2200   c_t.l
       260         18          0          0          0        512   cpprt_t.l

    ----------------------------------------------------------------------
      1476        150          0          0        100       2712   Library Totals

    ----------------------------------------------------------------------

==============================================================================


      Code (inc. data)   RO Data    RW Data    ZI Data      Debug   

      2424        198         60         12       1516      11562   Grand Totals
      2424        198         60         12       1516      11562   ELF Image Totals
      2424        198         60         12          0          0   ROM Totals

==============================================================================

    Total RO  Size (Code + RO Data)                 2484 (   2.43kB)
    Total RW  Size (RW Data + ZI Data)              1528 (   1.49kB)
    Total ROM Size (Code + RO Data + RW Data)       2496 (   2.44kB)

==============================================================================

